[0.083s] DEBUG:colcon:Command line arguments: ['/usr/bin/colcon', 'build']
[0.083s] DEBUG:colcon:Parsed command line arguments: Namespace(log_base=None, log_level=None, verb_name='build', build_base='build', install_base='install', merge_install=False, symlink_install=False, test_result_base=None, continue_on_error=False, executor='parallel', parallel_workers=28, event_handlers=None, ignore_user_meta=False, metas=['./colcon.meta'], base_paths=['.'], packages_ignore=None, packages_ignore_regex=None, paths=None, packages_up_to=None, packages_up_to_regex=None, packages_above=None, packages_above_and_dependencies=None, packages_above_depth=None, packages_select_by_dep=None, packages_skip_by_dep=None, packages_skip_up_to=None, packages_select_build_failed=False, packages_skip_build_finished=False, packages_select_test_failures=False, packages_skip_test_passed=False, packages_select=None, packages_skip=None, packages_select_regex=None, packages_skip_regex=None, packages_start=None, packages_end=None, allow_overriding=[], cmake_args=None, cmake_target=None, cmake_target_skip_unavailable=False, cmake_clean_cache=False, cmake_clean_first=False, cmake_force_configure=False, ament_cmake_args=None, catkin_cmake_args=None, catkin_skip_building_tests=False, mixin_files=None, mixin=None, verb_parser=<colcon_mixin.mixin.mixin_argument.MixinArgumentDecorator object at 0x7cb370b42510>, verb_extension=<colcon_core.verb.build.BuildVerb object at 0x7cb370c6a060>, main=<bound method BuildVerb.main of <colcon_core.verb.build.BuildVerb object at 0x7cb370c6a060>>, mixin_verb=('build',))
[0.176s] Level 1:colcon.colcon_core.package_discovery:discover_packages(colcon_meta) check parameters
[0.177s] Level 1:colcon.colcon_core.package_discovery:discover_packages(recursive) check parameters
[0.179s] Level 1:colcon.colcon_core.package_discovery:discover_packages(ignore) check parameters
[0.181s] Level 1:colcon.colcon_core.package_discovery:discover_packages(path) check parameters
[0.182s] Level 1:colcon.colcon_core.package_discovery:discover_packages(colcon_meta) discover
[0.184s] Level 1:colcon.colcon_core.package_discovery:discover_packages(recursive) discover
[0.184s] INFO:colcon.colcon_core.package_discovery:Crawling recursively for packages in '/home/eiamw001/ros_hw5/hw5_vision'
[0.186s] Level 1:colcon.colcon_core.package_identification:_identify(.) by extensions ['ignore', 'ignore_ament_install']
[0.186s] Level 1:colcon.colcon_core.package_identification:_identify(.) by extension 'ignore'
[0.187s] Level 1:colcon.colcon_core.package_identification:_identify(.) by extension 'ignore_ament_install'
[0.189s] Level 1:colcon.colcon_core.package_identification:_identify(.) by extensions ['colcon_pkg']
[0.190s] Level 1:colcon.colcon_core.package_identification:_identify(.) by extension 'colcon_pkg'
[0.191s] Level 1:colcon.colcon_core.package_identification:_identify(.) by extensions ['colcon_meta']
[0.192s] Level 1:colcon.colcon_core.package_identification:_identify(.) by extension 'colcon_meta'
[0.192s] Level 1:colcon.colcon_core.package_identification:_identify(.) by extensions ['ros']
[0.192s] Level 1:colcon.colcon_core.package_identification:_identify(.) by extension 'ros'
[0.216s] DEBUG:colcon.colcon_core.package_identification:Package '.' with type 'ros.ament_python' and name 'hw5_vision'
[0.216s] Level 1:colcon.colcon_core.package_discovery:discover_packages(recursive) using defaults
[0.216s] Level 1:colcon.colcon_core.package_discovery:discover_packages(ignore) discover
[0.216s] Level 1:colcon.colcon_core.package_discovery:discover_packages(ignore) using defaults
[0.216s] Level 1:colcon.colcon_core.package_discovery:discover_packages(path) discover
[0.216s] Level 1:colcon.colcon_core.package_discovery:discover_packages(path) using defaults
[0.225s] Level 1:colcon.colcon_core.package_discovery:discover_packages(prefix_path) check parameters
[0.225s] Level 1:colcon.colcon_core.package_discovery:discover_packages(prefix_path) discover
[0.236s] DEBUG:colcon.colcon_installed_package_information.package_discovery:Found 1 installed packages in /home/eiamw001/CSCI4511_project/install
[0.237s] DEBUG:colcon.colcon_installed_package_information.package_discovery:Found 554 installed packages in /opt/ros/jazzy
[0.239s] Level 1:colcon.colcon_core.package_discovery:discover_packages(prefix_path) using defaults
[0.275s] Level 5:colcon.colcon_core.verb:set package 'hw5_vision' build argument 'cmake_args' from command line to 'None'
[0.276s] Level 5:colcon.colcon_core.verb:set package 'hw5_vision' build argument 'cmake_target' from command line to 'None'
[0.276s] Level 5:colcon.colcon_core.verb:set package 'hw5_vision' build argument 'cmake_target_skip_unavailable' from command line to 'False'
[0.276s] Level 5:colcon.colcon_core.verb:set package 'hw5_vision' build argument 'cmake_clean_cache' from command line to 'False'
[0.276s] Level 5:colcon.colcon_core.verb:set package 'hw5_vision' build argument 'cmake_clean_first' from command line to 'False'
[0.276s] Level 5:colcon.colcon_core.verb:set package 'hw5_vision' build argument 'cmake_force_configure' from command line to 'False'
[0.276s] Level 5:colcon.colcon_core.verb:set package 'hw5_vision' build argument 'ament_cmake_args' from command line to 'None'
[0.276s] Level 5:colcon.colcon_core.verb:set package 'hw5_vision' build argument 'catkin_cmake_args' from command line to 'None'
[0.276s] Level 5:colcon.colcon_core.verb:set package 'hw5_vision' build argument 'catkin_skip_building_tests' from command line to 'False'
[0.276s] DEBUG:colcon.colcon_core.verb:Building package 'hw5_vision' with the following arguments: {'ament_cmake_args': None, 'build_base': '/home/eiamw001/ros_hw5/hw5_vision/build/hw5_vision', 'catkin_cmake_args': None, 'catkin_skip_building_tests': False, 'cmake_args': None, 'cmake_clean_cache': False, 'cmake_clean_first': False, 'cmake_force_configure': False, 'cmake_target': None, 'cmake_target_skip_unavailable': False, 'install_base': '/home/eiamw001/ros_hw5/hw5_vision/install/hw5_vision', 'merge_install': False, 'path': '/home/eiamw001/ros_hw5/hw5_vision', 'symlink_install': False, 'test_result_base': None}
[0.276s] INFO:colcon.colcon_core.executor:Executing jobs using 'parallel' executor
[0.278s] DEBUG:colcon.colcon_parallel_executor.executor.parallel:run_until_complete
[0.280s] INFO:colcon.colcon_ros.task.ament_python.build:Building ROS package in '/home/eiamw001/ros_hw5/hw5_vision' with build type 'ament_python'
[0.282s] Level 1:colcon.colcon_core.shell:create_environment_hook('hw5_vision', 'ament_prefix_path')
[0.283s] INFO:colcon.colcon_core.plugin_system:Skipping extension 'colcon_core.shell.bat': Not used on non-Windows systems
[0.283s] INFO:colcon.colcon_core.shell:Creating environment hook '/home/eiamw001/ros_hw5/hw5_vision/install/hw5_vision/share/hw5_vision/hook/ament_prefix_path.ps1'
[0.298s] INFO:colcon.colcon_core.shell:Creating environment descriptor '/home/eiamw001/ros_hw5/hw5_vision/install/hw5_vision/share/hw5_vision/hook/ament_prefix_path.dsv'
[0.304s] INFO:colcon.colcon_core.shell:Creating environment hook '/home/eiamw001/ros_hw5/hw5_vision/install/hw5_vision/share/hw5_vision/hook/ament_prefix_path.sh'
[0.309s] INFO:colcon.colcon_core.shell:Skip shell extension 'powershell' for command environment: Not usable outside of PowerShell
[0.309s] DEBUG:colcon.colcon_core.shell:Skip shell extension 'dsv' for command environment
[0.587s] INFO:colcon.colcon_core.task.python.build:Building Python package in '/home/eiamw001/ros_hw5/hw5_vision'
[0.587s] INFO:colcon.colcon_core.shell:Skip shell extension 'powershell' for command environment: Not usable outside of PowerShell
[0.587s] DEBUG:colcon.colcon_core.shell:Skip shell extension 'dsv' for command environment
[1.339s] DEBUG:colcon.colcon_core.event_handler.log_command:Invoking command in '/home/eiamw001/ros_hw5/hw5_vision': DEBUGINFOD_URLS=https://debuginfod.ubuntu.com PYTHONPATH=/home/eiamw001/ros_hw5/hw5_vision/build/hw5_vision/prefix_override:/usr/lib/python3/dist-packages/colcon_core/task/python/colcon_distutils_commands:/home/eiamw001/ros_hw5/hw5_vision/install/hw5_vision/lib/python3.12/site-packages:${PYTHONPATH} _=/usr/bin/env /usr/bin/python3 -W ignore:setup.py install is deprecated -W ignore:easy_install command is deprecated setup.py egg_info --egg-base build/hw5_vision build --build-base /home/eiamw001/ros_hw5/hw5_vision/build/hw5_vision/build install --record /home/eiamw001/ros_hw5/hw5_vision/build/hw5_vision/install.log --single-version-externally-managed install_data
[2.404s] DEBUG:colcon.colcon_core.event_handler.log_command:Invoked command in '/home/eiamw001/ros_hw5/hw5_vision' returned '0': DEBUGINFOD_URLS=https://debuginfod.ubuntu.com PYTHONPATH=/home/eiamw001/ros_hw5/hw5_vision/build/hw5_vision/prefix_override:/usr/lib/python3/dist-packages/colcon_core/task/python/colcon_distutils_commands:/home/eiamw001/ros_hw5/hw5_vision/install/hw5_vision/lib/python3.12/site-packages:${PYTHONPATH} _=/usr/bin/env /usr/bin/python3 -W ignore:setup.py install is deprecated -W ignore:easy_install command is deprecated setup.py egg_info --egg-base build/hw5_vision build --build-base /home/eiamw001/ros_hw5/hw5_vision/build/hw5_vision/build install --record /home/eiamw001/ros_hw5/hw5_vision/build/hw5_vision/install.log --single-version-externally-managed install_data
[2.413s] Level 1:colcon.colcon_core.environment:checking '/home/eiamw001/ros_hw5/hw5_vision/install/hw5_vision' for CMake module files
[2.419s] Level 1:colcon.colcon_core.environment:checking '/home/eiamw001/ros_hw5/hw5_vision/install/hw5_vision' for CMake config files
[2.431s] Level 1:colcon.colcon_core.environment:checking '/home/eiamw001/ros_hw5/hw5_vision/install/hw5_vision/lib'
[2.432s] Level 1:colcon.colcon_core.environment:checking '/home/eiamw001/ros_hw5/hw5_vision/install/hw5_vision/bin'
[2.433s] Level 1:colcon.colcon_core.environment:checking '/home/eiamw001/ros_hw5/hw5_vision/install/hw5_vision/lib/pkgconfig/hw5_vision.pc'
[2.435s] Level 1:colcon.colcon_core.environment:checking '/home/eiamw001/ros_hw5/hw5_vision/install/hw5_vision/lib/python3.12/site-packages'
[2.436s] Level 1:colcon.colcon_core.shell:create_environment_hook('hw5_vision', 'pythonpath')
[2.438s] INFO:colcon.colcon_core.shell:Creating environment hook '/home/eiamw001/ros_hw5/hw5_vision/install/hw5_vision/share/hw5_vision/hook/pythonpath.ps1'
[2.445s] INFO:colcon.colcon_core.shell:Creating environment descriptor '/home/eiamw001/ros_hw5/hw5_vision/install/hw5_vision/share/hw5_vision/hook/pythonpath.dsv'
[2.450s] INFO:colcon.colcon_core.shell:Creating environment hook '/home/eiamw001/ros_hw5/hw5_vision/install/hw5_vision/share/hw5_vision/hook/pythonpath.sh'
[2.456s] Level 1:colcon.colcon_core.environment:checking '/home/eiamw001/ros_hw5/hw5_vision/install/hw5_vision/bin'
[2.456s] Level 1:colcon.colcon_core.environment:create_environment_scripts_only(hw5_vision)
[2.458s] INFO:colcon.colcon_core.shell:Creating package script '/home/eiamw001/ros_hw5/hw5_vision/install/hw5_vision/share/hw5_vision/package.ps1'
[2.466s] INFO:colcon.colcon_core.shell:Creating package descriptor '/home/eiamw001/ros_hw5/hw5_vision/install/hw5_vision/share/hw5_vision/package.dsv'
[2.472s] INFO:colcon.colcon_core.shell:Creating package script '/home/eiamw001/ros_hw5/hw5_vision/install/hw5_vision/share/hw5_vision/package.sh'
[2.477s] INFO:colcon.colcon_core.shell:Creating package script '/home/eiamw001/ros_hw5/hw5_vision/install/hw5_vision/share/hw5_vision/package.bash'
[2.482s] INFO:colcon.colcon_core.shell:Creating package script '/home/eiamw001/ros_hw5/hw5_vision/install/hw5_vision/share/hw5_vision/package.zsh'
[2.488s] Level 1:colcon.colcon_core.environment:create_file_with_runtime_dependencies(/home/eiamw001/ros_hw5/hw5_vision/install/hw5_vision/share/colcon-core/packages/hw5_vision)
[2.498s] DEBUG:colcon.colcon_parallel_executor.executor.parallel:closing loop
[2.498s] DEBUG:colcon.colcon_parallel_executor.executor.parallel:loop closed
[2.499s] DEBUG:colcon.colcon_parallel_executor.executor.parallel:run_until_complete finished with '0'
[2.499s] DEBUG:colcon.colcon_core.event_reactor:joining thread
[2.511s] INFO:colcon.colcon_core.plugin_system:Skipping extension 'colcon_notification.desktop_notification.terminal_notifier': Not used on non-Darwin systems
[2.511s] INFO:colcon.colcon_core.plugin_system:Skipping extension 'colcon_notification.desktop_notification.win32': Not used on non-Windows systems
[2.513s] INFO:colcon.colcon_notification.desktop_notification:Sending desktop notification using 'notify2'
[2.527s] DEBUG:colcon.colcon_core.event_reactor:joined thread
[2.527s] INFO:colcon.colcon_core.shell:Creating prefix script '/home/eiamw001/ros_hw5/hw5_vision/install/local_setup.ps1'
[2.533s] INFO:colcon.colcon_core.shell:Creating prefix util module '/home/eiamw001/ros_hw5/hw5_vision/install/_local_setup_util_ps1.py'
[2.540s] INFO:colcon.colcon_core.shell:Creating prefix chain script '/home/eiamw001/ros_hw5/hw5_vision/install/setup.ps1'
[2.547s] INFO:colcon.colcon_core.shell:Creating prefix script '/home/eiamw001/ros_hw5/hw5_vision/install/local_setup.sh'
[2.552s] INFO:colcon.colcon_core.shell:Creating prefix util module '/home/eiamw001/ros_hw5/hw5_vision/install/_local_setup_util_sh.py'
[2.557s] INFO:colcon.colcon_core.shell:Creating prefix chain script '/home/eiamw001/ros_hw5/hw5_vision/install/setup.sh'
[2.564s] INFO:colcon.colcon_core.shell:Creating prefix script '/home/eiamw001/ros_hw5/hw5_vision/install/local_setup.bash'
[2.569s] INFO:colcon.colcon_core.shell:Creating prefix chain script '/home/eiamw001/ros_hw5/hw5_vision/install/setup.bash'
[2.575s] INFO:colcon.colcon_core.shell:Creating prefix script '/home/eiamw001/ros_hw5/hw5_vision/install/local_setup.zsh'
[2.581s] INFO:colcon.colcon_core.shell:Creating prefix chain script '/home/eiamw001/ros_hw5/hw5_vision/install/setup.zsh'
