running egg_info
writing ../build/hw5_vision/hw5_vision.egg-info/PKG-INFO
writing dependency_links to ../build/hw5_vision/hw5_vision.egg-info/dependency_links.txt
writing entry points to ../build/hw5_vision/hw5_vision.egg-info/entry_points.txt
writing requirements to ../build/hw5_vision/hw5_vision.egg-info/requires.txt
writing top-level names to ../build/hw5_vision/hw5_vision.egg-info/top_level.txt
reading manifest file '../build/hw5_vision/hw5_vision.egg-info/SOURCES.txt'
writing manifest file '../build/hw5_vision/hw5_vision.egg-info/SOURCES.txt'
running build
running build_py
running install
running install_lib
running install_data
copying launch/hw5_launch.py -> /home/eiamw001/ros_hw5/install/hw5_vision/share/hw5_vision/launch
running install_egg_info
removing '/home/eiamw001/ros_hw5/install/hw5_vision/lib/python3.12/site-packages/hw5_vision-0.0.0-py3.12.egg-info' (and everything under it)
Copying ../build/hw5_vision/hw5_vision.egg-info to /home/eiamw001/ros_hw5/install/hw5_vision/lib/python3.12/site-packages/hw5_vision-0.0.0-py3.12.egg-info
running install_scripts
Installing control_node script to /home/eiamw001/ros_hw5/install/hw5_vision/lib/hw5_vision
Installing perception_node script to /home/eiamw001/ros_hw5/install/hw5_vision/lib/hw5_vision
Installing video_publisher script to /home/eiamw001/ros_hw5/install/hw5_vision/lib/hw5_vision
writing list of installed files to '/home/eiamw001/ros_hw5/build/hw5_vision/install.log'
