running egg_info
creating build/hw5_vision/hw5_vision.egg-info
writing build/hw5_vision/hw5_vision.egg-info/PKG-INFO
writing dependency_links to build/hw5_vision/hw5_vision.egg-info/dependency_links.txt
writing entry points to build/hw5_vision/hw5_vision.egg-info/entry_points.txt
writing requirements to build/hw5_vision/hw5_vision.egg-info/requires.txt
writing top-level names to build/hw5_vision/hw5_vision.egg-info/top_level.txt
writing manifest file 'build/hw5_vision/hw5_vision.egg-info/SOURCES.txt'
[2;36m[05/04/26 11:28:39][0m[2;36m [0m[1;31mERROR   [0m listing git files failed - pretending there aren't any                                                                                                                                                                                                                                                    ]8;id=806708;file:///usr/lib/python3/dist-packages/setuptools_scm/_file_finders/git.py\[2mgit.py[0m]8;;\[2m:[0m]8;id=62150;file:///usr/lib/python3/dist-packages/setuptools_scm/_file_finders/git.py#24\[2m24[0m]8;;\
reading manifest file 'build/hw5_vision/hw5_vision.egg-info/SOURCES.txt'
writing manifest file 'build/hw5_vision/hw5_vision.egg-info/SOURCES.txt'
running build
running build_py
creating /home/eiamw001/ros_hw5/hw5_vision/build/hw5_vision/build
creating /home/eiamw001/ros_hw5/hw5_vision/build/hw5_vision/build/lib
creating /home/eiamw001/ros_hw5/hw5_vision/build/hw5_vision/build/lib/hw5_vision
copying hw5_vision/perception_node.py -> /home/eiamw001/ros_hw5/hw5_vision/build/hw5_vision/build/lib/hw5_vision
copying hw5_vision/video_publisher.py -> /home/eiamw001/ros_hw5/hw5_vision/build/hw5_vision/build/lib/hw5_vision
copying hw5_vision/__init__.py -> /home/eiamw001/ros_hw5/hw5_vision/build/hw5_vision/build/lib/hw5_vision
copying hw5_vision/control_node.py -> /home/eiamw001/ros_hw5/hw5_vision/build/hw5_vision/build/lib/hw5_vision
running install
running install_lib
creating /home/eiamw001/ros_hw5/hw5_vision/install/hw5_vision/lib/python3.12/site-packages/hw5_vision
copying /home/eiamw001/ros_hw5/hw5_vision/build/hw5_vision/build/lib/hw5_vision/__init__.py -> /home/eiamw001/ros_hw5/hw5_vision/install/hw5_vision/lib/python3.12/site-packages/hw5_vision
copying /home/eiamw001/ros_hw5/hw5_vision/build/hw5_vision/build/lib/hw5_vision/control_node.py -> /home/eiamw001/ros_hw5/hw5_vision/install/hw5_vision/lib/python3.12/site-packages/hw5_vision
copying /home/eiamw001/ros_hw5/hw5_vision/build/hw5_vision/build/lib/hw5_vision/perception_node.py -> /home/eiamw001/ros_hw5/hw5_vision/install/hw5_vision/lib/python3.12/site-packages/hw5_vision
copying /home/eiamw001/ros_hw5/hw5_vision/build/hw5_vision/build/lib/hw5_vision/video_publisher.py -> /home/eiamw001/ros_hw5/hw5_vision/install/hw5_vision/lib/python3.12/site-packages/hw5_vision
byte-compiling /home/eiamw001/ros_hw5/hw5_vision/install/hw5_vision/lib/python3.12/site-packages/hw5_vision/__init__.py to __init__.cpython-312.pyc
byte-compiling /home/eiamw001/ros_hw5/hw5_vision/install/hw5_vision/lib/python3.12/site-packages/hw5_vision/control_node.py to control_node.cpython-312.pyc
byte-compiling /home/eiamw001/ros_hw5/hw5_vision/install/hw5_vision/lib/python3.12/site-packages/hw5_vision/perception_node.py to perception_node.cpython-312.pyc
byte-compiling /home/eiamw001/ros_hw5/hw5_vision/install/hw5_vision/lib/python3.12/site-packages/hw5_vision/video_publisher.py to video_publisher.cpython-312.pyc
running install_data
creating /home/eiamw001/ros_hw5/hw5_vision/install/hw5_vision/share/ament_index
creating /home/eiamw001/ros_hw5/hw5_vision/install/hw5_vision/share/ament_index/resource_index
creating /home/eiamw001/ros_hw5/hw5_vision/install/hw5_vision/share/ament_index/resource_index/packages
copying resource/hw5_vision -> /home/eiamw001/ros_hw5/hw5_vision/install/hw5_vision/share/ament_index/resource_index/packages
copying package.xml -> /home/eiamw001/ros_hw5/hw5_vision/install/hw5_vision/share/hw5_vision
creating /home/eiamw001/ros_hw5/hw5_vision/install/hw5_vision/share/hw5_vision/launch
copying launch/hw5_launch.py -> /home/eiamw001/ros_hw5/hw5_vision/install/hw5_vision/share/hw5_vision/launch
running install_egg_info
Copying build/hw5_vision/hw5_vision.egg-info to /home/eiamw001/ros_hw5/hw5_vision/install/hw5_vision/lib/python3.12/site-packages/hw5_vision-0.0.0-py3.12.egg-info
running install_scripts
Installing control_node script to /home/eiamw001/ros_hw5/hw5_vision/install/hw5_vision/lib/hw5_vision
Installing perception_node script to /home/eiamw001/ros_hw5/hw5_vision/install/hw5_vision/lib/hw5_vision
Installing video_publisher script to /home/eiamw001/ros_hw5/hw5_vision/install/hw5_vision/lib/hw5_vision
writing list of installed files to '/home/eiamw001/ros_hw5/hw5_vision/build/hw5_vision/install.log'
