running egg_info
creating ../../build/visual_ackermann_package/visual_ackermann_package.egg-info
writing ../../build/visual_ackermann_package/visual_ackermann_package.egg-info/PKG-INFO
writing dependency_links to ../../build/visual_ackermann_package/visual_ackermann_package.egg-info/dependency_links.txt
writing entry points to ../../build/visual_ackermann_package/visual_ackermann_package.egg-info/entry_points.txt
writing requirements to ../../build/visual_ackermann_package/visual_ackermann_package.egg-info/requires.txt
writing top-level names to ../../build/visual_ackermann_package/visual_ackermann_package.egg-info/top_level.txt
writing manifest file '../../build/visual_ackermann_package/visual_ackermann_package.egg-info/SOURCES.txt'
reading manifest file '../../build/visual_ackermann_package/visual_ackermann_package.egg-info/SOURCES.txt'
adding license file 'LICENSE'
writing manifest file '../../build/visual_ackermann_package/visual_ackermann_package.egg-info/SOURCES.txt'
running build
running build_py
creating /home/eiamw001/ros_hw5/build/visual_ackermann_package/build
creating /home/eiamw001/ros_hw5/build/visual_ackermann_package/build/lib
creating /home/eiamw001/ros_hw5/build/visual_ackermann_package/build/lib/visual_ackermann_package
copying visual_ackermann_package/video_publisher_node.py -> /home/eiamw001/ros_hw5/build/visual_ackermann_package/build/lib/visual_ackermann_package
copying visual_ackermann_package/visual_ackermann_node.py -> /home/eiamw001/ros_hw5/build/visual_ackermann_package/build/lib/visual_ackermann_package
copying visual_ackermann_package/__init__.py -> /home/eiamw001/ros_hw5/build/visual_ackermann_package/build/lib/visual_ackermann_package
copying visual_ackermann_package/visual_ddrive_node.py -> /home/eiamw001/ros_hw5/build/visual_ackermann_package/build/lib/visual_ackermann_package
running install
running install_lib
creating /home/eiamw001/ros_hw5/install/visual_ackermann_package/lib/python3.12/site-packages/visual_ackermann_package
copying /home/eiamw001/ros_hw5/build/visual_ackermann_package/build/lib/visual_ackermann_package/visual_ackermann_node.py -> /home/eiamw001/ros_hw5/install/visual_ackermann_package/lib/python3.12/site-packages/visual_ackermann_package
copying /home/eiamw001/ros_hw5/build/visual_ackermann_package/build/lib/visual_ackermann_package/__init__.py -> /home/eiamw001/ros_hw5/install/visual_ackermann_package/lib/python3.12/site-packages/visual_ackermann_package
copying /home/eiamw001/ros_hw5/build/visual_ackermann_package/build/lib/visual_ackermann_package/visual_ddrive_node.py -> /home/eiamw001/ros_hw5/install/visual_ackermann_package/lib/python3.12/site-packages/visual_ackermann_package
copying /home/eiamw001/ros_hw5/build/visual_ackermann_package/build/lib/visual_ackermann_package/video_publisher_node.py -> /home/eiamw001/ros_hw5/install/visual_ackermann_package/lib/python3.12/site-packages/visual_ackermann_package
byte-compiling /home/eiamw001/ros_hw5/install/visual_ackermann_package/lib/python3.12/site-packages/visual_ackermann_package/visual_ackermann_node.py to visual_ackermann_node.cpython-312.pyc
byte-compiling /home/eiamw001/ros_hw5/install/visual_ackermann_package/lib/python3.12/site-packages/visual_ackermann_package/__init__.py to __init__.cpython-312.pyc
byte-compiling /home/eiamw001/ros_hw5/install/visual_ackermann_package/lib/python3.12/site-packages/visual_ackermann_package/visual_ddrive_node.py to visual_ddrive_node.cpython-312.pyc
byte-compiling /home/eiamw001/ros_hw5/install/visual_ackermann_package/lib/python3.12/site-packages/visual_ackermann_package/video_publisher_node.py to video_publisher_node.cpython-312.pyc
running install_data
creating /home/eiamw001/ros_hw5/install/visual_ackermann_package/share/ament_index
creating /home/eiamw001/ros_hw5/install/visual_ackermann_package/share/ament_index/resource_index
creating /home/eiamw001/ros_hw5/install/visual_ackermann_package/share/ament_index/resource_index/packages
copying resource/visual_ackermann_package -> /home/eiamw001/ros_hw5/install/visual_ackermann_package/share/ament_index/resource_index/packages
copying package.xml -> /home/eiamw001/ros_hw5/install/visual_ackermann_package/share/visual_ackermann_package
running install_egg_info
Copying ../../build/visual_ackermann_package/visual_ackermann_package.egg-info to /home/eiamw001/ros_hw5/install/visual_ackermann_package/lib/python3.12/site-packages/visual_ackermann_package-0.0.0-py3.12.egg-info
running install_scripts
Installing video_publisher_node script to /home/eiamw001/ros_hw5/install/visual_ackermann_package/lib/visual_ackermann_package
Installing visual_ackermann_node script to /home/eiamw001/ros_hw5/install/visual_ackermann_package/lib/visual_ackermann_package
Installing visual_diffdrive_node script to /home/eiamw001/ros_hw5/install/visual_ackermann_package/lib/visual_ackermann_package
writing list of installed files to '/home/eiamw001/ros_hw5/build/visual_ackermann_package/install.log'
