[1.312s] Invoking command in '/home/eiamw001/ros_hw5/visual_ackermann_package (1)/visual_ackermann_package': DEBUGINFOD_URLS=https://debuginfod.ubuntu.com PYTHONPATH=/home/eiamw001/ros_hw5/build/visual_ackermann_package/prefix_override:/usr/lib/python3/dist-packages/colcon_core/task/python/colcon_distutils_commands:/home/eiamw001/ros_hw5/install/visual_ackermann_package/lib/python3.12/site-packages:${PYTHONPATH} _=/usr/bin/env /usr/bin/python3 -W ignore:setup.py install is deprecated -W ignore:easy_install command is deprecated setup.py egg_info --egg-base ../../build/visual_ackermann_package build --build-base /home/eiamw001/ros_hw5/build/visual_ackermann_package/build install --record /home/eiamw001/ros_hw5/build/visual_ackermann_package/install.log --single-version-externally-managed install_data
[1.593s] running egg_info
[1.593s] creating ../../build/visual_ackermann_package/visual_ackermann_package.egg-info
[1.609s] writing ../../build/visual_ackermann_package/visual_ackermann_package.egg-info/PKG-INFO
[1.622s] writing dependency_links to ../../build/visual_ackermann_package/visual_ackermann_package.egg-info/dependency_links.txt
[1.629s] writing entry points to ../../build/visual_ackermann_package/visual_ackermann_package.egg-info/entry_points.txt
[1.641s] writing requirements to ../../build/visual_ackermann_package/visual_ackermann_package.egg-info/requires.txt
[1.649s] writing top-level names to ../../build/visual_ackermann_package/visual_ackermann_package.egg-info/top_level.txt
[1.651s] writing manifest file '../../build/visual_ackermann_package/visual_ackermann_package.egg-info/SOURCES.txt'
[1.883s] reading manifest file '../../build/visual_ackermann_package/visual_ackermann_package.egg-info/SOURCES.txt'
[1.886s] adding license file 'LICENSE'
[1.886s] writing manifest file '../../build/visual_ackermann_package/visual_ackermann_package.egg-info/SOURCES.txt'
[1.895s] running build
[1.898s] running build_py
[1.911s] creating /home/eiamw001/ros_hw5/build/visual_ackermann_package/build
[1.919s] creating /home/eiamw001/ros_hw5/build/visual_ackermann_package/build/lib
[1.931s] creating /home/eiamw001/ros_hw5/build/visual_ackermann_package/build/lib/visual_ackermann_package
[1.943s] copying visual_ackermann_package/video_publisher_node.py -> /home/eiamw001/ros_hw5/build/visual_ackermann_package/build/lib/visual_ackermann_package
[1.943s] copying visual_ackermann_package/visual_ackermann_node.py -> /home/eiamw001/ros_hw5/build/visual_ackermann_package/build/lib/visual_ackermann_package
[1.943s] copying visual_ackermann_package/__init__.py -> /home/eiamw001/ros_hw5/build/visual_ackermann_package/build/lib/visual_ackermann_package
[1.943s] copying visual_ackermann_package/visual_ddrive_node.py -> /home/eiamw001/ros_hw5/build/visual_ackermann_package/build/lib/visual_ackermann_package
[1.952s] running install
[1.954s] running install_lib
[1.980s] creating /home/eiamw001/ros_hw5/install/visual_ackermann_package/lib/python3.12/site-packages/visual_ackermann_package
[1.982s] copying /home/eiamw001/ros_hw5/build/visual_ackermann_package/build/lib/visual_ackermann_package/visual_ackermann_node.py -> /home/eiamw001/ros_hw5/install/visual_ackermann_package/lib/python3.12/site-packages/visual_ackermann_package
[1.996s] copying /home/eiamw001/ros_hw5/build/visual_ackermann_package/build/lib/visual_ackermann_package/__init__.py -> /home/eiamw001/ros_hw5/install/visual_ackermann_package/lib/python3.12/site-packages/visual_ackermann_package
[2.011s] copying /home/eiamw001/ros_hw5/build/visual_ackermann_package/build/lib/visual_ackermann_package/visual_ddrive_node.py -> /home/eiamw001/ros_hw5/install/visual_ackermann_package/lib/python3.12/site-packages/visual_ackermann_package
[2.018s] copying /home/eiamw001/ros_hw5/build/visual_ackermann_package/build/lib/visual_ackermann_package/video_publisher_node.py -> /home/eiamw001/ros_hw5/install/visual_ackermann_package/lib/python3.12/site-packages/visual_ackermann_package
[2.034s] byte-compiling /home/eiamw001/ros_hw5/install/visual_ackermann_package/lib/python3.12/site-packages/visual_ackermann_package/visual_ackermann_node.py to visual_ackermann_node.cpython-312.pyc
[2.056s] byte-compiling /home/eiamw001/ros_hw5/install/visual_ackermann_package/lib/python3.12/site-packages/visual_ackermann_package/__init__.py to __init__.cpython-312.pyc
[2.069s] byte-compiling /home/eiamw001/ros_hw5/install/visual_ackermann_package/lib/python3.12/site-packages/visual_ackermann_package/visual_ddrive_node.py to visual_ddrive_node.cpython-312.pyc
[2.098s] byte-compiling /home/eiamw001/ros_hw5/install/visual_ackermann_package/lib/python3.12/site-packages/visual_ackermann_package/video_publisher_node.py to video_publisher_node.cpython-312.pyc
[2.106s] running install_data
[2.110s] creating /home/eiamw001/ros_hw5/install/visual_ackermann_package/share/ament_index
[2.110s] creating /home/eiamw001/ros_hw5/install/visual_ackermann_package/share/ament_index/resource_index
[2.119s] creating /home/eiamw001/ros_hw5/install/visual_ackermann_package/share/ament_index/resource_index/packages
[2.119s] copying resource/visual_ackermann_package -> /home/eiamw001/ros_hw5/install/visual_ackermann_package/share/ament_index/resource_index/packages
[2.134s] copying package.xml -> /home/eiamw001/ros_hw5/install/visual_ackermann_package/share/visual_ackermann_package
[2.150s] running install_egg_info
[2.158s] Copying ../../build/visual_ackermann_package/visual_ackermann_package.egg-info to /home/eiamw001/ros_hw5/install/visual_ackermann_package/lib/python3.12/site-packages/visual_ackermann_package-0.0.0-py3.12.egg-info
[2.271s] running install_scripts
[2.411s] Installing video_publisher_node script to /home/eiamw001/ros_hw5/install/visual_ackermann_package/lib/visual_ackermann_package
[2.424s] Installing visual_ackermann_node script to /home/eiamw001/ros_hw5/install/visual_ackermann_package/lib/visual_ackermann_package
[2.438s] Installing visual_diffdrive_node script to /home/eiamw001/ros_hw5/install/visual_ackermann_package/lib/visual_ackermann_package
[2.442s] writing list of installed files to '/home/eiamw001/ros_hw5/build/visual_ackermann_package/install.log'
[2.552s] Invoked command in '/home/eiamw001/ros_hw5/visual_ackermann_package (1)/visual_ackermann_package' returned '0': DEBUGINFOD_URLS=https://debuginfod.ubuntu.com PYTHONPATH=/home/eiamw001/ros_hw5/build/visual_ackermann_package/prefix_override:/usr/lib/python3/dist-packages/colcon_core/task/python/colcon_distutils_commands:/home/eiamw001/ros_hw5/install/visual_ackermann_package/lib/python3.12/site-packages:${PYTHONPATH} _=/usr/bin/env /usr/bin/python3 -W ignore:setup.py install is deprecated -W ignore:easy_install command is deprecated setup.py egg_info --egg-base ../../build/visual_ackermann_package build --build-base /home/eiamw001/ros_hw5/build/visual_ackermann_package/build install --record /home/eiamw001/ros_hw5/build/visual_ackermann_package/install.log --single-version-externally-managed install_data
