[0.000000] (-) TimerEvent: {}
[0.000091] (hw5_vision) JobQueued: {'identifier': 'hw5_vision', 'dependencies': OrderedDict()}
[0.000118] (visual_ackermann_package) JobQueued: {'identifier': 'visual_ackermann_package', 'dependencies': OrderedDict()}
[0.000136] (hw5_vision) JobStarted: {'identifier': 'hw5_vision'}
[0.041417] (visual_ackermann_package) JobStarted: {'identifier': 'visual_ackermann_package'}
[0.097906] (-) TimerEvent: {}
[0.198211] (-) TimerEvent: {}
[0.298898] (-) TimerEvent: {}
[0.399053] (-) TimerEvent: {}
[0.499347] (-) TimerEvent: {}
[0.599626] (-) TimerEvent: {}
[0.699778] (-) TimerEvent: {}
[0.799968] (-) TimerEvent: {}
[0.900178] (-) TimerEvent: {}
[1.000415] (-) TimerEvent: {}
[1.100583] (-) TimerEvent: {}
[1.200847] (-) TimerEvent: {}
[1.301112] (-) TimerEvent: {}
[1.340080] (visual_ackermann_package) Command: {'cmd': ['/usr/bin/python3', '-W', 'ignore:setup.py install is deprecated', '-W', 'ignore:easy_install command is deprecated', 'setup.py', 'egg_info', '--egg-base', '../../build/visual_ackermann_package', 'build', '--build-base', '/home/eiamw001/ros_hw5/build/visual_ackermann_package/build', 'install', '--record', '/home/eiamw001/ros_hw5/build/visual_ackermann_package/install.log', '--single-version-externally-managed', 'install_data'], 'cwd': '/home/eiamw001/ros_hw5/visual_ackermann_package (1)/visual_ackermann_package', 'env': {'SHELL': '/bin/bash', 'ROS_VERSION': '2', 'SESSION_MANAGER': 'local/csel-kh1260-08:@/tmp/.ICE-unix/80432,unix/csel-kh1260-08:/tmp/.ICE-unix/80432', 'GZ_SIM_RESOURCE_PATH': '/opt/ros/jazzy/share', 'QT_ACCESSIBILITY': '1', 'COLORTERM': 'truecolor', 'XDG_CONFIG_DIRS': '/etc/xdg/xdg-ubuntu:/etc/xdg', 'XDG_MENU_PREFIX': 'gnome-', 'GNOME_DESKTOP_SESSION_ID': 'this-is-deprecated', 'CONDA_EXE': '/opt/conda/bin/conda', '_CE_M': '', 'PKG_CONFIG_PATH': '/home/eiamw001/robotics_deps/install/lib/pkgconfig:/home/eiamw001/robotics_deps/install/lib/pkgconfig:', 'ROS_PYTHON_VERSION': '3', 'LANGUAGE': 'en_US.UTF-8', 'GNOME_SHELL_SESSION_MODE': 'ubuntu', 'SSH_AUTH_SOCK': '/run/user/2835123/keyring/ssh', 'GZ_CONFIG_PATH': '/opt/ros/jazzy/opt/gz_sim_vendor/share/gz:/opt/ros/jazzy/opt/sdformat_vendor/share/gz:/opt/ros/jazzy/opt/gz_gui_vendor/share/gz:/opt/ros/jazzy/opt/gz_transport_vendor/share/gz:/opt/ros/jazzy/opt/gz_rendering_vendor/share/gz:/opt/ros/jazzy/opt/gz_plugin_vendor/share/gz:/opt/ros/jazzy/opt/gz_fuel_tools_vendor/share/gz:/opt/ros/jazzy/opt/gz_msgs_vendor/share/gz:/opt/ros/jazzy/opt/gz_common_vendor/share/gz', '_LMFILES__modshare': '/usr/local/modules-tcl/modulefiles/system:1', 'MEMORY_PRESSURE_WRITE': 'c29tZSAyMDAwMDAgMjAwMDAwMAA=', 'SMPATH': '/soft/supermongo/2.4.13/lib/sm/ ~ .', 'XMODIFIERS': '@im=ibus', 'DESKTOP_SESSION': 'ubuntu', 'MANPATH_modshare': '/usr/man:1::1:/usr/X11R6/man:1:/soft/supermongo/2.4.13/man:1:/usr/local/man:1:/usr/share/man:1:/opt/puppetlabs/puppet/share/man:1', 'EDITOR': 'vim', 'GTK_MODULES': 'gail:atk-bridge', 'ENV': '/usr/local/modules-tcl/init/profile.sh', 'PWD': '/home/eiamw001/ros_hw5/build/visual_ackermann_package', 'KRB5CCNAME': 'FILE:/tmp/krb5cc_2835123_Y5wS6T', 'LOGNAME': 'eiamw001', 'XDG_SESSION_DESKTOP': 'ubuntu', 'XDG_SESSION_TYPE': 'wayland', 'MODULESHOME': '/usr/local/modules-tcl', 'MANPATH': ':/opt/puppetlabs/puppet/share/man:/soft/supermongo/2.4.13/man:/usr/man:/usr/share/man:/usr/local/man:/usr/X11R6/man', 'SYSTEMD_EXEC_PID': '80467', 'XAUTHORITY': '/run/user/2835123/.mutter-Xwaylandauth.9KOXO3', 'HOME': '/home/eiamw001', 'USERNAME': 'eiamw001', 'IM_CONFIG_PHASE': '1', 'LANG': 'en_US.UTF-8', 'XDG_CURRENT_DESKTOP': 'ubuntu:GNOME', 'MEMORY_PRESSURE_WATCH': '/sys/fs/cgroup/user.slice/user-2835123.slice/user@2835123.service/session.slice/org.gnome.Shell@wayland.service/memory.pressure', 'VTE_VERSION': '7600', 'WAYLAND_DISPLAY': 'wayland-0', 'AMENT_PREFIX_PATH': '/home/eiamw001/CSCI4511_project/install/security_coverage_robot:/home/eiamw001/CSCI4511_project/install/security_coverage_robot:/opt/ros/jazzy', 'CMAKE_PREFIX_PATH': '/home/eiamw001/robotics_deps/install:/home/eiamw001/robotics_deps/install:/opt/ros/jazzy/opt/gz_sim_vendor:/opt/ros/jazzy/opt/gz_sensors_vendor:/opt/ros/jazzy/opt/gz_physics_vendor:/opt/ros/jazzy/opt/sdformat_vendor:/opt/ros/jazzy/opt/gz_gui_vendor:/opt/ros/jazzy/opt/gz_transport_vendor:/opt/ros/jazzy/opt/gz_rendering_vendor:/opt/ros/jazzy/opt/gz_plugin_vendor:/opt/ros/jazzy/opt/gz_fuel_tools_vendor:/opt/ros/jazzy/opt/gz_msgs_vendor:/opt/ros/jazzy/opt/gz_common_vendor:/opt/ros/jazzy/opt/gz_math_vendor:/opt/ros/jazzy/opt/gz_utils_vendor:/opt/ros/jazzy/opt/gz_tools_vendor:/opt/ros/jazzy/opt/gz_ogre_next_vendor:/opt/ros/jazzy/opt/gz_dartsim_vendor:/opt/ros/jazzy/opt/gz_cmake_vendor', 'GNOME_TERMINAL_SCREEN': '/org/gnome/Terminal/screen/db8b9cc7_9ac0_4666_a43c_12d4c5d77da5', 'ROS_AUTOMATIC_DISCOVERY_RANGE': 'LOCALHOST', 'GAZEBO_RESOURCE_PATH': '/opt/ros/jazzy/share', 'QTWEBENGINE_DICTIONARIES_PATH': '/usr/share/hunspell-bdic/', 'PATH_modshare': '/usr/bin:2:/opt/conda/condabin:1:/usr/local/bin:1:/soft/MATLAB/R2024b/bin:1:/soft/instantclient/21_3:1:/soft/idea/2024.2.4/bin:1:/bin:2:/opt/puppetlabs/bin:1:/snap/bin:1:/usr/local/scripts:1:/usr/local/modules-tcl/bin:1:/sbin:2:/usr/sbin:2:/usr/games:1:/usr/local/sbin:1:/soft/sqldeveloper/21.2.1.204.1703-no-jre/bin:1:/soft/supermongo/2.4.13/bin:1:/usr/local/games:1', 'GNOME_SETUP_DISPLAY': ':1', 'MODULEPATH_modshare': '/usr/local/modules-tcl/modulefiles:1', 'LESSCLOSE': '/usr/bin/lesspipe %s %s', 'XDG_SESSION_CLASS': 'user', 'LOADEDMODULES_modshare': 'system:1', 'PYTHONPATH': '/home/eiamw001/ros_hw5/build/visual_ackermann_package/prefix_override:/usr/lib/python3/dist-packages/colcon_core/task/python/colcon_distutils_commands:/home/eiamw001/ros_hw5/install/visual_ackermann_package/lib/python3.12/site-packages:/opt/ros/jazzy/lib/python3.12/site-packages', 'COLCON': '1', 'TERM': 'xterm-256color', 'ROBOTICS_DEPS': '/home/eiamw001/robotics_deps/install', '_CE_CONDA': '', 'LESSOPEN': '| /usr/bin/lesspipe %s', 'USER': 'eiamw001', 'GNOME_TERMINAL_SERVICE': ':1.129', 'CONDA_SHLVL': '0', 'CLUTTER_DISABLE_MIPMAPPED_TEXT': '1', 'VISUAL': 'vim', 'LOADEDMODULES': 'system', 'DISPLAY': ':0', 'SHLVL': '1', 'BASH_ENV': '/usr/local/modules-tcl/init/bash', 'GSM_SKIP_SSH_AGENT_WORKAROUND': 'true', 'PAGER': 'less', 'TURTLEBOT3_MODEL': 'waffle', 'QT_IM_MODULE': 'ibus', 'IGN_GAZEBO_RESOURCE_PATH': '/opt/ros/jazzy/share', 'CONDA_PYTHON_EXE': '/opt/conda/bin/python', 'LD_LIBRARY_PATH': '/home/eiamw001/robotics_deps/install/lib:/home/eiamw001/robotics_deps/install/lib:/opt/ros/jazzy/opt/gz_sim_vendor/lib:/opt/ros/jazzy/opt/gz_sensors_vendor/lib:/opt/ros/jazzy/opt/gz_physics_vendor/lib:/opt/ros/jazzy/opt/sdformat_vendor/lib:/opt/ros/jazzy/opt/rviz_ogre_vendor/lib:/opt/ros/jazzy/lib/x86_64-linux-gnu:/opt/ros/jazzy/opt/gz_gui_vendor/lib:/opt/ros/jazzy/opt/gz_transport_vendor/lib:/opt/ros/jazzy/opt/gz_rendering_vendor/lib:/opt/ros/jazzy/opt/gz_plugin_vendor/lib:/opt/ros/jazzy/opt/gz_fuel_tools_vendor/lib:/opt/ros/jazzy/opt/gz_msgs_vendor/lib:/opt/ros/jazzy/opt/gz_common_vendor/lib:/opt/ros/jazzy/opt/gz_math_vendor/lib:/opt/ros/jazzy/opt/gz_utils_vendor/lib:/opt/ros/jazzy/opt/gz_tools_vendor/lib:/opt/ros/jazzy/opt/gz_ogre_next_vendor/lib:/opt/ros/jazzy/opt/gz_dartsim_vendor/lib:/opt/ros/jazzy/opt/gz_cmake_vendor/lib:/opt/ros/jazzy/lib', 'IGN_GAZEBO_MODEL_PATH': '/opt/ros/jazzy/share', 'XDG_RUNTIME_DIR': '/run/user/2835123', 'DEBUGINFOD_URLS': 'https://debuginfod.ubuntu.com', 'GAZEBO_MODEL_PATH': '/opt/ros/jazzy/share:/opt/ros/jazzy/share/turtlebot3_gazebo/models', 'XDG_DATA_DIRS': '/usr/share/ubuntu:/usr/share/gnome:/usr/local/share/:/usr/share/:/var/lib/snapd/desktop', 'PATH': '/home/eiamw001/robotics_deps/install/bin:/home/eiamw001/robotics_deps/install/bin:/opt/ros/jazzy/opt/gz_msgs_vendor/bin:/opt/ros/jazzy/opt/gz_tools_vendor/bin:/opt/ros/jazzy/opt/gz_ogre_next_vendor/bin:/opt/ros/jazzy/bin:/usr/local/modules-tcl/bin:/opt/conda/condabin:/usr/local/sbin:/usr/local/bin:/usr/sbin:/usr/bin:/sbin:/bin:/usr/games:/usr/local/games:/snap/bin:/snap/bin:/usr/local/scripts:/opt/puppetlabs/bin:/soft/idea/2024.2.4/bin:/soft/instantclient/21_3:/soft/MATLAB/R2024b/bin:/soft/sqldeveloper/21.2.1.204.1703-no-jre/bin:/soft/supermongo/2.4.13/bin', 'MODULEPATH': '/usr/local/modules-tcl/modulefiles', 'GDMSESSION': 'ubuntu', '_LMFILES_': '/usr/local/modules-tcl/modulefiles/system', 'DBUS_SESSION_BUS_ADDRESS': 'unix:path=/run/user/2835123/bus', 'ROS_DISTRO': 'jazzy', 'OLDPWD': '/home/eiamw001', 'MODULES_CMD': '/usr/local/modules-tcl/libexec/modulecmd.tcl', 'BASH_FUNC_switchml%%': '() {  typeset swfound=1;\n if [ "${MODULES_USE_COMPAT_VERSION:-0}" = \'1\' ]; then\n typeset swname=\'main\';\n if [ -e /usr/local/modules-tcl/libexec/modulecmd.tcl ]; then\n typeset swfound=0;\n unset MODULES_USE_COMPAT_VERSION;\n fi;\n else\n typeset swname=\'compatibility\';\n if [ -e /usr/local/modules-tcl/libexec/modulecmd-compat ]; then\n typeset swfound=0;\n MODULES_USE_COMPAT_VERSION=1;\n export MODULES_USE_COMPAT_VERSION;\n fi;\n fi;\n if [ $swfound -eq 0 ]; then\n echo "Switching to Modules $swname version";\n source /usr/local/modules-tcl/init/bash;\n else\n echo "Cannot switch to Modules $swname version, command not found";\n return 1;\n fi\n}', 'BASH_FUNC_module%%': '() {  _module_raw "$@" 2>&1\n}', 'BASH_FUNC__module_raw%%': '() {  unset _mlre _mlIFS _mlshdbg;\n if [ "${MODULES_SILENT_SHELL_DEBUG:-0}" = \'1\' ]; then\n case "$-" in \n *v*x*)\n set +vx;\n _mlshdbg=\'vx\'\n ;;\n *v*)\n set +v;\n _mlshdbg=\'v\'\n ;;\n *x*)\n set +x;\n _mlshdbg=\'x\'\n ;;\n *)\n _mlshdbg=\'\'\n ;;\n esac;\n fi;\n if [ -n "${IFS+x}" ]; then\n _mlIFS=$IFS;\n fi;\n IFS=\' \';\n for _mlv in ${MODULES_RUN_QUARANTINE:-};\n do\n if [ "${_mlv}" = "${_mlv##*[!A-Za-z0-9_]}" -a "${_mlv}" = "${_mlv#[0-9]}" ]; then\n if [ -n "`eval \'echo ${\'$_mlv\'+x}\'`" ]; then\n _mlre="${_mlre:-}${_mlv}_modquar=\'`eval \'echo ${\'$_mlv\'}\'`\' ";\n fi;\n _mlrv="MODULES_RUNENV_${_mlv}";\n _mlre="${_mlre:-}${_mlv}=\'`eval \'echo ${\'$_mlrv\':-}\'`\' ";\n fi;\n done;\n if [ -n "${_mlre:-}" ]; then\n eval `eval ${_mlre}/usr/bin/tclsh /usr/local/modules-tcl/libexec/modulecmd.tcl bash \'"$@"\'`;\n else\n eval `/usr/bin/tclsh /usr/local/modules-tcl/libexec/modulecmd.tcl bash "$@"`;\n fi;\n _mlstatus=$?;\n if [ -n "${_mlIFS+x}" ]; then\n IFS=$_mlIFS;\n else\n unset IFS;\n fi;\n if [ -n "${_mlshdbg:-}" ]; then\n set -$_mlshdbg;\n fi;\n unset _mlre _mlv _mlrv _mlIFS _mlshdbg;\n return $_mlstatus\n}', '_': '/usr/bin/env'}, 'shell': False}
[1.353215] (hw5_vision) Command: {'cmd': ['/usr/bin/python3', '-W', 'ignore:setup.py install is deprecated', '-W', 'ignore:easy_install command is deprecated', 'setup.py', 'egg_info', '--egg-base', '../build/hw5_vision', 'build', '--build-base', '/home/eiamw001/ros_hw5/build/hw5_vision/build', 'install', '--record', '/home/eiamw001/ros_hw5/build/hw5_vision/install.log', '--single-version-externally-managed', 'install_data'], 'cwd': '/home/eiamw001/ros_hw5/hw5_vision', 'env': {'SHELL': '/bin/bash', 'ROS_VERSION': '2', 'SESSION_MANAGER': 'local/csel-kh1260-08:@/tmp/.ICE-unix/80432,unix/csel-kh1260-08:/tmp/.ICE-unix/80432', 'GZ_SIM_RESOURCE_PATH': '/opt/ros/jazzy/share', 'QT_ACCESSIBILITY': '1', 'COLORTERM': 'truecolor', 'XDG_CONFIG_DIRS': '/etc/xdg/xdg-ubuntu:/etc/xdg', 'XDG_MENU_PREFIX': 'gnome-', 'GNOME_DESKTOP_SESSION_ID': 'this-is-deprecated', 'CONDA_EXE': '/opt/conda/bin/conda', '_CE_M': '', 'PKG_CONFIG_PATH': '/home/eiamw001/robotics_deps/install/lib/pkgconfig:/home/eiamw001/robotics_deps/install/lib/pkgconfig:', 'ROS_PYTHON_VERSION': '3', 'LANGUAGE': 'en_US.UTF-8', 'GNOME_SHELL_SESSION_MODE': 'ubuntu', 'SSH_AUTH_SOCK': '/run/user/2835123/keyring/ssh', 'GZ_CONFIG_PATH': '/opt/ros/jazzy/opt/gz_sim_vendor/share/gz:/opt/ros/jazzy/opt/sdformat_vendor/share/gz:/opt/ros/jazzy/opt/gz_gui_vendor/share/gz:/opt/ros/jazzy/opt/gz_transport_vendor/share/gz:/opt/ros/jazzy/opt/gz_rendering_vendor/share/gz:/opt/ros/jazzy/opt/gz_plugin_vendor/share/gz:/opt/ros/jazzy/opt/gz_fuel_tools_vendor/share/gz:/opt/ros/jazzy/opt/gz_msgs_vendor/share/gz:/opt/ros/jazzy/opt/gz_common_vendor/share/gz', '_LMFILES__modshare': '/usr/local/modules-tcl/modulefiles/system:1', 'MEMORY_PRESSURE_WRITE': 'c29tZSAyMDAwMDAgMjAwMDAwMAA=', 'SMPATH': '/soft/supermongo/2.4.13/lib/sm/ ~ .', 'XMODIFIERS': '@im=ibus', 'DESKTOP_SESSION': 'ubuntu', 'MANPATH_modshare': '/usr/man:1::1:/usr/X11R6/man:1:/soft/supermongo/2.4.13/man:1:/usr/local/man:1:/usr/share/man:1:/opt/puppetlabs/puppet/share/man:1', 'EDITOR': 'vim', 'GTK_MODULES': 'gail:atk-bridge', 'ENV': '/usr/local/modules-tcl/init/profile.sh', 'PWD': '/home/eiamw001/ros_hw5/build/hw5_vision', 'KRB5CCNAME': 'FILE:/tmp/krb5cc_2835123_Y5wS6T', 'LOGNAME': 'eiamw001', 'XDG_SESSION_DESKTOP': 'ubuntu', 'XDG_SESSION_TYPE': 'wayland', 'MODULESHOME': '/usr/local/modules-tcl', 'MANPATH': ':/opt/puppetlabs/puppet/share/man:/soft/supermongo/2.4.13/man:/usr/man:/usr/share/man:/usr/local/man:/usr/X11R6/man', 'SYSTEMD_EXEC_PID': '80467', 'XAUTHORITY': '/run/user/2835123/.mutter-Xwaylandauth.9KOXO3', 'HOME': '/home/eiamw001', 'USERNAME': 'eiamw001', 'IM_CONFIG_PHASE': '1', 'LANG': 'en_US.UTF-8', 'XDG_CURRENT_DESKTOP': 'ubuntu:GNOME', 'MEMORY_PRESSURE_WATCH': '/sys/fs/cgroup/user.slice/user-2835123.slice/user@2835123.service/session.slice/org.gnome.Shell@wayland.service/memory.pressure', 'VTE_VERSION': '7600', 'WAYLAND_DISPLAY': 'wayland-0', 'AMENT_PREFIX_PATH': '/home/eiamw001/CSCI4511_project/install/security_coverage_robot:/home/eiamw001/CSCI4511_project/install/security_coverage_robot:/opt/ros/jazzy', 'CMAKE_PREFIX_PATH': '/home/eiamw001/robotics_deps/install:/home/eiamw001/robotics_deps/install:/opt/ros/jazzy/opt/gz_sim_vendor:/opt/ros/jazzy/opt/gz_sensors_vendor:/opt/ros/jazzy/opt/gz_physics_vendor:/opt/ros/jazzy/opt/sdformat_vendor:/opt/ros/jazzy/opt/gz_gui_vendor:/opt/ros/jazzy/opt/gz_transport_vendor:/opt/ros/jazzy/opt/gz_rendering_vendor:/opt/ros/jazzy/opt/gz_plugin_vendor:/opt/ros/jazzy/opt/gz_fuel_tools_vendor:/opt/ros/jazzy/opt/gz_msgs_vendor:/opt/ros/jazzy/opt/gz_common_vendor:/opt/ros/jazzy/opt/gz_math_vendor:/opt/ros/jazzy/opt/gz_utils_vendor:/opt/ros/jazzy/opt/gz_tools_vendor:/opt/ros/jazzy/opt/gz_ogre_next_vendor:/opt/ros/jazzy/opt/gz_dartsim_vendor:/opt/ros/jazzy/opt/gz_cmake_vendor', 'GNOME_TERMINAL_SCREEN': '/org/gnome/Terminal/screen/db8b9cc7_9ac0_4666_a43c_12d4c5d77da5', 'ROS_AUTOMATIC_DISCOVERY_RANGE': 'LOCALHOST', 'GAZEBO_RESOURCE_PATH': '/opt/ros/jazzy/share', 'QTWEBENGINE_DICTIONARIES_PATH': '/usr/share/hunspell-bdic/', 'PATH_modshare': '/usr/bin:2:/opt/conda/condabin:1:/usr/local/bin:1:/soft/MATLAB/R2024b/bin:1:/soft/instantclient/21_3:1:/soft/idea/2024.2.4/bin:1:/bin:2:/opt/puppetlabs/bin:1:/snap/bin:1:/usr/local/scripts:1:/usr/local/modules-tcl/bin:1:/sbin:2:/usr/sbin:2:/usr/games:1:/usr/local/sbin:1:/soft/sqldeveloper/21.2.1.204.1703-no-jre/bin:1:/soft/supermongo/2.4.13/bin:1:/usr/local/games:1', 'GNOME_SETUP_DISPLAY': ':1', 'MODULEPATH_modshare': '/usr/local/modules-tcl/modulefiles:1', 'LESSCLOSE': '/usr/bin/lesspipe %s %s', 'XDG_SESSION_CLASS': 'user', 'LOADEDMODULES_modshare': 'system:1', 'PYTHONPATH': '/home/eiamw001/ros_hw5/build/hw5_vision/prefix_override:/usr/lib/python3/dist-packages/colcon_core/task/python/colcon_distutils_commands:/home/eiamw001/ros_hw5/install/hw5_vision/lib/python3.12/site-packages:/opt/ros/jazzy/lib/python3.12/site-packages', 'COLCON': '1', 'TERM': 'xterm-256color', 'ROBOTICS_DEPS': '/home/eiamw001/robotics_deps/install', '_CE_CONDA': '', 'LESSOPEN': '| /usr/bin/lesspipe %s', 'USER': 'eiamw001', 'GNOME_TERMINAL_SERVICE': ':1.129', 'CONDA_SHLVL': '0', 'CLUTTER_DISABLE_MIPMAPPED_TEXT': '1', 'VISUAL': 'vim', 'LOADEDMODULES': 'system', 'DISPLAY': ':0', 'SHLVL': '1', 'BASH_ENV': '/usr/local/modules-tcl/init/bash', 'GSM_SKIP_SSH_AGENT_WORKAROUND': 'true', 'PAGER': 'less', 'TURTLEBOT3_MODEL': 'waffle', 'QT_IM_MODULE': 'ibus', 'IGN_GAZEBO_RESOURCE_PATH': '/opt/ros/jazzy/share', 'CONDA_PYTHON_EXE': '/opt/conda/bin/python', 'LD_LIBRARY_PATH': '/home/eiamw001/robotics_deps/install/lib:/home/eiamw001/robotics_deps/install/lib:/opt/ros/jazzy/opt/gz_sim_vendor/lib:/opt/ros/jazzy/opt/gz_sensors_vendor/lib:/opt/ros/jazzy/opt/gz_physics_vendor/lib:/opt/ros/jazzy/opt/sdformat_vendor/lib:/opt/ros/jazzy/opt/rviz_ogre_vendor/lib:/opt/ros/jazzy/lib/x86_64-linux-gnu:/opt/ros/jazzy/opt/gz_gui_vendor/lib:/opt/ros/jazzy/opt/gz_transport_vendor/lib:/opt/ros/jazzy/opt/gz_rendering_vendor/lib:/opt/ros/jazzy/opt/gz_plugin_vendor/lib:/opt/ros/jazzy/opt/gz_fuel_tools_vendor/lib:/opt/ros/jazzy/opt/gz_msgs_vendor/lib:/opt/ros/jazzy/opt/gz_common_vendor/lib:/opt/ros/jazzy/opt/gz_math_vendor/lib:/opt/ros/jazzy/opt/gz_utils_vendor/lib:/opt/ros/jazzy/opt/gz_tools_vendor/lib:/opt/ros/jazzy/opt/gz_ogre_next_vendor/lib:/opt/ros/jazzy/opt/gz_dartsim_vendor/lib:/opt/ros/jazzy/opt/gz_cmake_vendor/lib:/opt/ros/jazzy/lib', 'IGN_GAZEBO_MODEL_PATH': '/opt/ros/jazzy/share', 'XDG_RUNTIME_DIR': '/run/user/2835123', 'DEBUGINFOD_URLS': 'https://debuginfod.ubuntu.com', 'GAZEBO_MODEL_PATH': '/opt/ros/jazzy/share:/opt/ros/jazzy/share/turtlebot3_gazebo/models', 'XDG_DATA_DIRS': '/usr/share/ubuntu:/usr/share/gnome:/usr/local/share/:/usr/share/:/var/lib/snapd/desktop', 'PATH': '/home/eiamw001/robotics_deps/install/bin:/home/eiamw001/robotics_deps/install/bin:/opt/ros/jazzy/opt/gz_msgs_vendor/bin:/opt/ros/jazzy/opt/gz_tools_vendor/bin:/opt/ros/jazzy/opt/gz_ogre_next_vendor/bin:/opt/ros/jazzy/bin:/usr/local/modules-tcl/bin:/opt/conda/condabin:/usr/local/sbin:/usr/local/bin:/usr/sbin:/usr/bin:/sbin:/bin:/usr/games:/usr/local/games:/snap/bin:/snap/bin:/usr/local/scripts:/opt/puppetlabs/bin:/soft/idea/2024.2.4/bin:/soft/instantclient/21_3:/soft/MATLAB/R2024b/bin:/soft/sqldeveloper/21.2.1.204.1703-no-jre/bin:/soft/supermongo/2.4.13/bin', 'MODULEPATH': '/usr/local/modules-tcl/modulefiles', 'GDMSESSION': 'ubuntu', '_LMFILES_': '/usr/local/modules-tcl/modulefiles/system', 'DBUS_SESSION_BUS_ADDRESS': 'unix:path=/run/user/2835123/bus', 'ROS_DISTRO': 'jazzy', 'OLDPWD': '/home/eiamw001', 'MODULES_CMD': '/usr/local/modules-tcl/libexec/modulecmd.tcl', 'BASH_FUNC_switchml%%': '() {  typeset swfound=1;\n if [ "${MODULES_USE_COMPAT_VERSION:-0}" = \'1\' ]; then\n typeset swname=\'main\';\n if [ -e /usr/local/modules-tcl/libexec/modulecmd.tcl ]; then\n typeset swfound=0;\n unset MODULES_USE_COMPAT_VERSION;\n fi;\n else\n typeset swname=\'compatibility\';\n if [ -e /usr/local/modules-tcl/libexec/modulecmd-compat ]; then\n typeset swfound=0;\n MODULES_USE_COMPAT_VERSION=1;\n export MODULES_USE_COMPAT_VERSION;\n fi;\n fi;\n if [ $swfound -eq 0 ]; then\n echo "Switching to Modules $swname version";\n source /usr/local/modules-tcl/init/bash;\n else\n echo "Cannot switch to Modules $swname version, command not found";\n return 1;\n fi\n}', 'BASH_FUNC_module%%': '() {  _module_raw "$@" 2>&1\n}', 'BASH_FUNC__module_raw%%': '() {  unset _mlre _mlIFS _mlshdbg;\n if [ "${MODULES_SILENT_SHELL_DEBUG:-0}" = \'1\' ]; then\n case "$-" in \n *v*x*)\n set +vx;\n _mlshdbg=\'vx\'\n ;;\n *v*)\n set +v;\n _mlshdbg=\'v\'\n ;;\n *x*)\n set +x;\n _mlshdbg=\'x\'\n ;;\n *)\n _mlshdbg=\'\'\n ;;\n esac;\n fi;\n if [ -n "${IFS+x}" ]; then\n _mlIFS=$IFS;\n fi;\n IFS=\' \';\n for _mlv in ${MODULES_RUN_QUARANTINE:-};\n do\n if [ "${_mlv}" = "${_mlv##*[!A-Za-z0-9_]}" -a "${_mlv}" = "${_mlv#[0-9]}" ]; then\n if [ -n "`eval \'echo ${\'$_mlv\'+x}\'`" ]; then\n _mlre="${_mlre:-}${_mlv}_modquar=\'`eval \'echo ${\'$_mlv\'}\'`\' ";\n fi;\n _mlrv="MODULES_RUNENV_${_mlv}";\n _mlre="${_mlre:-}${_mlv}=\'`eval \'echo ${\'$_mlrv\':-}\'`\' ";\n fi;\n done;\n if [ -n "${_mlre:-}" ]; then\n eval `eval ${_mlre}/usr/bin/tclsh /usr/local/modules-tcl/libexec/modulecmd.tcl bash \'"$@"\'`;\n else\n eval `/usr/bin/tclsh /usr/local/modules-tcl/libexec/modulecmd.tcl bash "$@"`;\n fi;\n _mlstatus=$?;\n if [ -n "${_mlIFS+x}" ]; then\n IFS=$_mlIFS;\n else\n unset IFS;\n fi;\n if [ -n "${_mlshdbg:-}" ]; then\n set -$_mlshdbg;\n fi;\n unset _mlre _mlv _mlrv _mlIFS _mlshdbg;\n return $_mlstatus\n}', '_': '/usr/bin/env'}, 'shell': False}
[1.401290] (-) TimerEvent: {}
[1.501459] (-) TimerEvent: {}
[1.601729] (-) TimerEvent: {}
[1.630635] (hw5_vision) StdoutLine: {'line': b'running egg_info\n'}
[1.630889] (visual_ackermann_package) StdoutLine: {'line': b'running egg_info\n'}
[1.634147] (visual_ackermann_package) StdoutLine: {'line': b'creating ../../build/visual_ackermann_package/visual_ackermann_package.egg-info\n'}
[1.634182] (hw5_vision) StdoutLine: {'line': b'creating ../build/hw5_vision/hw5_vision.egg-info\n'}
[1.650198] (hw5_vision) StdoutLine: {'line': b'writing ../build/hw5_vision/hw5_vision.egg-info/PKG-INFO\n'}
[1.650575] (visual_ackermann_package) StdoutLine: {'line': b'writing ../../build/visual_ackermann_package/visual_ackermann_package.egg-info/PKG-INFO\n'}
[1.663082] (visual_ackermann_package) StdoutLine: {'line': b'writing dependency_links to ../../build/visual_ackermann_package/visual_ackermann_package.egg-info/dependency_links.txt\n'}
[1.665670] (hw5_vision) StdoutLine: {'line': b'writing dependency_links to ../build/hw5_vision/hw5_vision.egg-info/dependency_links.txt\n'}
[1.668922] (visual_ackermann_package) StdoutLine: {'line': b'writing entry points to ../../build/visual_ackermann_package/visual_ackermann_package.egg-info/entry_points.txt\n'}
[1.673359] (hw5_vision) StdoutLine: {'line': b'writing entry points to ../build/hw5_vision/hw5_vision.egg-info/entry_points.txt\n'}
[1.677028] (visual_ackermann_package) StdoutLine: {'line': b'writing requirements to ../../build/visual_ackermann_package/visual_ackermann_package.egg-info/requires.txt\n'}
[1.684451] (hw5_vision) StdoutLine: {'line': b'writing requirements to ../build/hw5_vision/hw5_vision.egg-info/requires.txt\n'}
[1.684577] (visual_ackermann_package) StdoutLine: {'line': b'writing top-level names to ../../build/visual_ackermann_package/visual_ackermann_package.egg-info/top_level.txt\n'}
[1.690430] (hw5_vision) StdoutLine: {'line': b'writing top-level names to ../build/hw5_vision/hw5_vision.egg-info/top_level.txt\n'}
[1.692748] (visual_ackermann_package) StdoutLine: {'line': b"writing manifest file '../../build/visual_ackermann_package/visual_ackermann_package.egg-info/SOURCES.txt'\n"}
[1.695370] (hw5_vision) StdoutLine: {'line': b"writing manifest file '../build/hw5_vision/hw5_vision.egg-info/SOURCES.txt'\n"}
[1.701778] (-) TimerEvent: {}
[1.802902] (-) TimerEvent: {}
[1.903119] (-) TimerEvent: {}
[1.922898] (hw5_vision) StdoutLine: {'line': b"reading manifest file '../build/hw5_vision/hw5_vision.egg-info/SOURCES.txt'\n"}
[1.923869] (visual_ackermann_package) StdoutLine: {'line': b"reading manifest file '../../build/visual_ackermann_package/visual_ackermann_package.egg-info/SOURCES.txt'\n"}
[1.926063] (hw5_vision) StdoutLine: {'line': b"writing manifest file '../build/hw5_vision/hw5_vision.egg-info/SOURCES.txt'\n"}
[1.927050] (visual_ackermann_package) StdoutLine: {'line': b"adding license file 'LICENSE'\n"}
[1.927360] (visual_ackermann_package) StdoutLine: {'line': b"writing manifest file '../../build/visual_ackermann_package/visual_ackermann_package.egg-info/SOURCES.txt'\n"}
[1.929083] (hw5_vision) StdoutLine: {'line': b'running build\n'}
[1.930258] (hw5_vision) StdoutLine: {'line': b'running build_py\n'}
[1.930993] (visual_ackermann_package) StdoutLine: {'line': b'running build\n'}
[1.937956] (visual_ackermann_package) StdoutLine: {'line': b'running build_py\n'}
[1.939767] (hw5_vision) StdoutLine: {'line': b'creating /home/eiamw001/ros_hw5/build/hw5_vision/build\n'}
[1.946473] (visual_ackermann_package) StdoutLine: {'line': b'creating /home/eiamw001/ros_hw5/build/visual_ackermann_package/build\n'}
[1.954264] (hw5_vision) StdoutLine: {'line': b'creating /home/eiamw001/ros_hw5/build/hw5_vision/build/lib\n'}
[1.956150] (visual_ackermann_package) StdoutLine: {'line': b'creating /home/eiamw001/ros_hw5/build/visual_ackermann_package/build/lib\n'}
[1.962416] (hw5_vision) StdoutLine: {'line': b'creating /home/eiamw001/ros_hw5/build/hw5_vision/build/lib/hw5_vision\n'}
[1.970660] (visual_ackermann_package) StdoutLine: {'line': b'creating /home/eiamw001/ros_hw5/build/visual_ackermann_package/build/lib/visual_ackermann_package\n'}
[1.972669] (hw5_vision) StdoutLine: {'line': b'copying hw5_vision/perception_node.py -> /home/eiamw001/ros_hw5/build/hw5_vision/build/lib/hw5_vision\n'}
[1.980011] (visual_ackermann_package) StdoutLine: {'line': b'copying visual_ackermann_package/video_publisher_node.py -> /home/eiamw001/ros_hw5/build/visual_ackermann_package/build/lib/visual_ackermann_package\n'}
[1.984387] (hw5_vision) StdoutLine: {'line': b'copying hw5_vision/video_publisher.py -> /home/eiamw001/ros_hw5/build/hw5_vision/build/lib/hw5_vision\n'}
[1.984460] (visual_ackermann_package) StdoutLine: {'line': b'copying visual_ackermann_package/visual_ackermann_node.py -> /home/eiamw001/ros_hw5/build/visual_ackermann_package/build/lib/visual_ackermann_package\n'}
[1.984522] (hw5_vision) StdoutLine: {'line': b'copying hw5_vision/__init__.py -> /home/eiamw001/ros_hw5/build/hw5_vision/build/lib/hw5_vision\n'}
[1.984582] (visual_ackermann_package) StdoutLine: {'line': b'copying visual_ackermann_package/__init__.py -> /home/eiamw001/ros_hw5/build/visual_ackermann_package/build/lib/visual_ackermann_package\n'}
[1.984641] (hw5_vision) StdoutLine: {'line': b'copying hw5_vision/control_node.py -> /home/eiamw001/ros_hw5/build/hw5_vision/build/lib/hw5_vision\n'}
[1.984698] (visual_ackermann_package) StdoutLine: {'line': b'copying visual_ackermann_package/visual_ddrive_node.py -> /home/eiamw001/ros_hw5/build/visual_ackermann_package/build/lib/visual_ackermann_package\n'}
[1.985623] (hw5_vision) StdoutLine: {'line': b'running install\n'}
[1.988826] (hw5_vision) StdoutLine: {'line': b'running install_lib\n'}
[1.992477] (visual_ackermann_package) StdoutLine: {'line': b'running install\n'}
[1.995735] (visual_ackermann_package) StdoutLine: {'line': b'running install_lib\n'}
[2.003304] (-) TimerEvent: {}
[2.009661] (hw5_vision) StdoutLine: {'line': b'creating /home/eiamw001/ros_hw5/install/hw5_vision/lib/python3.12/site-packages/hw5_vision\n'}
[2.012436] (hw5_vision) StdoutLine: {'line': b'copying /home/eiamw001/ros_hw5/build/hw5_vision/build/lib/hw5_vision/control_node.py -> /home/eiamw001/ros_hw5/install/hw5_vision/lib/python3.12/site-packages/hw5_vision\n'}
[2.018871] (visual_ackermann_package) StdoutLine: {'line': b'creating /home/eiamw001/ros_hw5/install/visual_ackermann_package/lib/python3.12/site-packages/visual_ackermann_package\n'}
[2.022180] (visual_ackermann_package) StdoutLine: {'line': b'copying /home/eiamw001/ros_hw5/build/visual_ackermann_package/build/lib/visual_ackermann_package/visual_ackermann_node.py -> /home/eiamw001/ros_hw5/install/visual_ackermann_package/lib/python3.12/site-packages/visual_ackermann_package\n'}
[2.023657] (hw5_vision) StdoutLine: {'line': b'copying /home/eiamw001/ros_hw5/build/hw5_vision/build/lib/hw5_vision/__init__.py -> /home/eiamw001/ros_hw5/install/hw5_vision/lib/python3.12/site-packages/hw5_vision\n'}
[2.031733] (hw5_vision) StdoutLine: {'line': b'copying /home/eiamw001/ros_hw5/build/hw5_vision/build/lib/hw5_vision/video_publisher.py -> /home/eiamw001/ros_hw5/install/hw5_vision/lib/python3.12/site-packages/hw5_vision\n'}
[2.035760] (visual_ackermann_package) StdoutLine: {'line': b'copying /home/eiamw001/ros_hw5/build/visual_ackermann_package/build/lib/visual_ackermann_package/__init__.py -> /home/eiamw001/ros_hw5/install/visual_ackermann_package/lib/python3.12/site-packages/visual_ackermann_package\n'}
[2.043600] (hw5_vision) StdoutLine: {'line': b'copying /home/eiamw001/ros_hw5/build/hw5_vision/build/lib/hw5_vision/perception_node.py -> /home/eiamw001/ros_hw5/install/hw5_vision/lib/python3.12/site-packages/hw5_vision\n'}
[2.047040] (visual_ackermann_package) StdoutLine: {'line': b'copying /home/eiamw001/ros_hw5/build/visual_ackermann_package/build/lib/visual_ackermann_package/visual_ddrive_node.py -> /home/eiamw001/ros_hw5/install/visual_ackermann_package/lib/python3.12/site-packages/visual_ackermann_package\n'}
[2.059077] (visual_ackermann_package) StdoutLine: {'line': b'copying /home/eiamw001/ros_hw5/build/visual_ackermann_package/build/lib/visual_ackermann_package/video_publisher_node.py -> /home/eiamw001/ros_hw5/install/visual_ackermann_package/lib/python3.12/site-packages/visual_ackermann_package\n'}
[2.060460] (hw5_vision) StdoutLine: {'line': b'byte-compiling /home/eiamw001/ros_hw5/install/hw5_vision/lib/python3.12/site-packages/hw5_vision/control_node.py to control_node.cpython-312.pyc\n'}
[2.075514] (visual_ackermann_package) StdoutLine: {'line': b'byte-compiling /home/eiamw001/ros_hw5/install/visual_ackermann_package/lib/python3.12/site-packages/visual_ackermann_package/visual_ackermann_node.py to visual_ackermann_node.cpython-312.pyc\n'}
[2.081572] (hw5_vision) StdoutLine: {'line': b'byte-compiling /home/eiamw001/ros_hw5/install/hw5_vision/lib/python3.12/site-packages/hw5_vision/__init__.py to __init__.cpython-312.pyc\n'}
[2.094524] (hw5_vision) StdoutLine: {'line': b'byte-compiling /home/eiamw001/ros_hw5/install/hw5_vision/lib/python3.12/site-packages/hw5_vision/video_publisher.py to video_publisher.cpython-312.pyc\n'}
[2.095127] (visual_ackermann_package) StdoutLine: {'line': b'byte-compiling /home/eiamw001/ros_hw5/install/visual_ackermann_package/lib/python3.12/site-packages/visual_ackermann_package/__init__.py to __init__.cpython-312.pyc\n'}
[2.103392] (-) TimerEvent: {}
[2.107606] (hw5_vision) StdoutLine: {'line': b'byte-compiling /home/eiamw001/ros_hw5/install/hw5_vision/lib/python3.12/site-packages/hw5_vision/perception_node.py to perception_node.cpython-312.pyc\n'}
[2.107936] (visual_ackermann_package) StdoutLine: {'line': b'byte-compiling /home/eiamw001/ros_hw5/install/visual_ackermann_package/lib/python3.12/site-packages/visual_ackermann_package/visual_ddrive_node.py to visual_ddrive_node.cpython-312.pyc\n'}
[2.122128] (hw5_vision) StdoutLine: {'line': b'running install_data\n'}
[2.128150] (hw5_vision) StdoutLine: {'line': b'creating /home/eiamw001/ros_hw5/install/hw5_vision/share/ament_index\n'}
[2.136996] (visual_ackermann_package) StdoutLine: {'line': b'byte-compiling /home/eiamw001/ros_hw5/install/visual_ackermann_package/lib/python3.12/site-packages/visual_ackermann_package/video_publisher_node.py to video_publisher_node.cpython-312.pyc\n'}
[2.139036] (hw5_vision) StdoutLine: {'line': b'creating /home/eiamw001/ros_hw5/install/hw5_vision/share/ament_index/resource_index\n'}
[2.141205] (hw5_vision) StdoutLine: {'line': b'creating /home/eiamw001/ros_hw5/install/hw5_vision/share/ament_index/resource_index/packages\n'}
[2.141270] (hw5_vision) StdoutLine: {'line': b'copying resource/hw5_vision -> /home/eiamw001/ros_hw5/install/hw5_vision/share/ament_index/resource_index/packages\n'}
[2.141576] (visual_ackermann_package) StdoutLine: {'line': b'running install_data\n'}
[2.149960] (visual_ackermann_package) StdoutLine: {'line': b'creating /home/eiamw001/ros_hw5/install/visual_ackermann_package/share/ament_index\n'}
[2.151833] (visual_ackermann_package) StdoutLine: {'line': b'creating /home/eiamw001/ros_hw5/install/visual_ackermann_package/share/ament_index/resource_index\n'}
[2.151870] (hw5_vision) StdoutLine: {'line': b'copying package.xml -> /home/eiamw001/ros_hw5/install/hw5_vision/share/hw5_vision\n'}
[2.157927] (visual_ackermann_package) StdoutLine: {'line': b'creating /home/eiamw001/ros_hw5/install/visual_ackermann_package/share/ament_index/resource_index/packages\n'}
[2.160336] (visual_ackermann_package) StdoutLine: {'line': b'copying resource/visual_ackermann_package -> /home/eiamw001/ros_hw5/install/visual_ackermann_package/share/ament_index/resource_index/packages\n'}
[2.160543] (hw5_vision) StdoutLine: {'line': b'creating /home/eiamw001/ros_hw5/install/hw5_vision/share/hw5_vision/launch\n'}
[2.168127] (hw5_vision) StdoutLine: {'line': b'copying launch/hw5_launch.py -> /home/eiamw001/ros_hw5/install/hw5_vision/share/hw5_vision/launch\n'}
[2.169966] (visual_ackermann_package) StdoutLine: {'line': b'copying package.xml -> /home/eiamw001/ros_hw5/install/visual_ackermann_package/share/visual_ackermann_package\n'}
[2.177468] (hw5_vision) StdoutLine: {'line': b'running install_egg_info\n'}
[2.185431] (visual_ackermann_package) StdoutLine: {'line': b'running install_egg_info\n'}
[2.193238] (visual_ackermann_package) StdoutLine: {'line': b'Copying ../../build/visual_ackermann_package/visual_ackermann_package.egg-info to /home/eiamw001/ros_hw5/install/visual_ackermann_package/lib/python3.12/site-packages/visual_ackermann_package-0.0.0-py3.12.egg-info\n'}
[2.202600] (hw5_vision) StdoutLine: {'line': b'Copying ../build/hw5_vision/hw5_vision.egg-info to /home/eiamw001/ros_hw5/install/hw5_vision/lib/python3.12/site-packages/hw5_vision-0.0.0-py3.12.egg-info\n'}
[2.203453] (-) TimerEvent: {}
[2.304681] (-) TimerEvent: {}
[2.312432] (visual_ackermann_package) StdoutLine: {'line': b'running install_scripts\n'}
[2.312610] (hw5_vision) StdoutLine: {'line': b'running install_scripts\n'}
[2.404765] (-) TimerEvent: {}
[2.449542] (hw5_vision) StdoutLine: {'line': b'Installing control_node script to /home/eiamw001/ros_hw5/install/hw5_vision/lib/hw5_vision\n'}
[2.449820] (visual_ackermann_package) StdoutLine: {'line': b'Installing video_publisher_node script to /home/eiamw001/ros_hw5/install/visual_ackermann_package/lib/visual_ackermann_package\n'}
[2.459569] (hw5_vision) StdoutLine: {'line': b'Installing perception_node script to /home/eiamw001/ros_hw5/install/hw5_vision/lib/hw5_vision\n'}
[2.461436] (visual_ackermann_package) StdoutLine: {'line': b'Installing visual_ackermann_node script to /home/eiamw001/ros_hw5/install/visual_ackermann_package/lib/visual_ackermann_package\n'}
[2.468062] (hw5_vision) StdoutLine: {'line': b"writing list of installed files to '/home/eiamw001/ros_hw5/build/hw5_vision/install.log'\n"}
[2.474687] (visual_ackermann_package) StdoutLine: {'line': b'Installing visual_diffdrive_node script to /home/eiamw001/ros_hw5/install/visual_ackermann_package/lib/visual_ackermann_package\n'}
[2.481227] (visual_ackermann_package) StdoutLine: {'line': b"writing list of installed files to '/home/eiamw001/ros_hw5/build/visual_ackermann_package/install.log'\n"}
[2.491290] (hw5_vision) CommandEnded: {'returncode': 0}
[2.504930] (-) TimerEvent: {}
[2.585613] (hw5_vision) JobEnded: {'identifier': 'hw5_vision', 'rc': 0}
[2.592991] (visual_ackermann_package) CommandEnded: {'returncode': 0}
[2.604988] (-) TimerEvent: {}
[2.679990] (visual_ackermann_package) JobEnded: {'identifier': 'visual_ackermann_package', 'rc': 0}
[2.688289] (-) EventReactorShutdown: {}
