[0.098s] DEBUG:colcon:Command line arguments: ['/usr/bin/colcon', 'build']
[0.098s] DEBUG:colcon:Parsed command line arguments: Namespace(log_base=None, log_level=None, verb_name='build', build_base='build', install_base='install', merge_install=False, symlink_install=False, test_result_base=None, continue_on_error=False, executor='parallel', parallel_workers=28, event_handlers=None, ignore_user_meta=False, metas=['./colcon.meta'], base_paths=['.'], packages_ignore=None, packages_ignore_regex=None, paths=None, packages_up_to=None, packages_up_to_regex=None, packages_above=None, packages_above_and_dependencies=None, packages_above_depth=None, packages_select_by_dep=None, packages_skip_by_dep=None, packages_skip_up_to=None, packages_select_build_failed=False, packages_skip_build_finished=False, packages_select_test_failures=False, packages_skip_test_passed=False, packages_select=None, packages_skip=None, packages_select_regex=None, packages_skip_regex=None, packages_start=None, packages_end=None, allow_overriding=[], cmake_args=None, cmake_target=None, cmake_target_skip_unavailable=False, cmake_clean_cache=False, cmake_clean_first=False, cmake_force_configure=False, ament_cmake_args=None, catkin_cmake_args=None, catkin_skip_building_tests=False, mixin_files=None, mixin=None, verb_parser=<colcon_mixin.mixin.mixin_argument.MixinArgumentDecorator object at 0x7ed598e2e6c0>, verb_extension=<colcon_core.verb.build.BuildVerb object at 0x7ed598e2e420>, main=<bound method BuildVerb.main of <colcon_core.verb.build.BuildVerb object at 0x7ed598e2e420>>, mixin_verb=('build',))
[0.185s] Level 1:colcon.colcon_core.package_discovery:discover_packages(colcon_meta) check parameters
[0.186s] Level 1:colcon.colcon_core.package_discovery:discover_packages(recursive) check parameters
[0.187s] Level 1:colcon.colcon_core.package_discovery:discover_packages(ignore) check parameters
[0.187s] Level 1:colcon.colcon_core.package_discovery:discover_packages(path) check parameters
[0.187s] Level 1:colcon.colcon_core.package_discovery:discover_packages(colcon_meta) discover
[0.189s] Level 1:colcon.colcon_core.package_discovery:discover_packages(recursive) discover
[0.189s] INFO:colcon.colcon_core.package_discovery:Crawling recursively for packages in '/home/eiamw001/ros_hw5'
[0.190s] Level 1:colcon.colcon_core.package_identification:_identify(.) by extensions ['ignore', 'ignore_ament_install']
[0.191s] Level 1:colcon.colcon_core.package_identification:_identify(.) by extension 'ignore'
[0.193s] Level 1:colcon.colcon_core.package_identification:_identify(.) by extension 'ignore_ament_install'
[0.196s] Level 1:colcon.colcon_core.package_identification:_identify(.) by extensions ['colcon_pkg']
[0.197s] Level 1:colcon.colcon_core.package_identification:_identify(.) by extension 'colcon_pkg'
[0.197s] Level 1:colcon.colcon_core.package_identification:_identify(.) by extensions ['colcon_meta']
[0.198s] Level 1:colcon.colcon_core.package_identification:_identify(.) by extension 'colcon_meta'
[0.198s] Level 1:colcon.colcon_core.package_identification:_identify(.) by extensions ['ros']
[0.198s] Level 1:colcon.colcon_core.package_identification:_identify(.) by extension 'ros'
[0.215s] Level 1:colcon.colcon_core.package_identification:_identify(.) by extensions ['cmake', 'python']
[0.215s] Level 1:colcon.colcon_core.package_identification:_identify(.) by extension 'cmake'
[0.215s] Level 1:colcon.colcon_core.package_identification:_identify(.) by extension 'python'
[0.217s] Level 1:colcon.colcon_core.package_identification:_identify(.) by extensions ['python_setup_py']
[0.217s] Level 1:colcon.colcon_core.package_identification:_identify(.) by extension 'python_setup_py'
[0.217s] Level 1:colcon.colcon_core.package_identification:_identify(build) by extensions ['ignore', 'ignore_ament_install']
[0.218s] Level 1:colcon.colcon_core.package_identification:_identify(build) by extension 'ignore'
[0.218s] Level 1:colcon.colcon_core.package_identification:_identify(build) ignored
[0.219s] Level 1:colcon.colcon_core.package_identification:_identify(hw5_vision) by extensions ['ignore', 'ignore_ament_install']
[0.220s] Level 1:colcon.colcon_core.package_identification:_identify(hw5_vision) by extension 'ignore'
[0.221s] Level 1:colcon.colcon_core.package_identification:_identify(hw5_vision) by extension 'ignore_ament_install'
[0.223s] Level 1:colcon.colcon_core.package_identification:_identify(hw5_vision) by extensions ['colcon_pkg']
[0.224s] Level 1:colcon.colcon_core.package_identification:_identify(hw5_vision) by extension 'colcon_pkg'
[0.225s] Level 1:colcon.colcon_core.package_identification:_identify(hw5_vision) by extensions ['colcon_meta']
[0.226s] Level 1:colcon.colcon_core.package_identification:_identify(hw5_vision) by extension 'colcon_meta'
[0.226s] Level 1:colcon.colcon_core.package_identification:_identify(hw5_vision) by extensions ['ros']
[0.226s] Level 1:colcon.colcon_core.package_identification:_identify(hw5_vision) by extension 'ros'
[0.231s] DEBUG:colcon.colcon_core.package_identification:Package 'hw5_vision' with type 'ros.ament_python' and name 'hw5_vision'
[0.231s] Level 1:colcon.colcon_core.package_identification:_identify(install) by extensions ['ignore', 'ignore_ament_install']
[0.232s] Level 1:colcon.colcon_core.package_identification:_identify(install) by extension 'ignore'
[0.232s] Level 1:colcon.colcon_core.package_identification:_identify(install) ignored
[0.235s] Level 1:colcon.colcon_core.package_identification:_identify(log) by extensions ['ignore', 'ignore_ament_install']
[0.235s] Level 1:colcon.colcon_core.package_identification:_identify(log) by extension 'ignore'
[0.235s] Level 1:colcon.colcon_core.package_identification:_identify(log) ignored
[0.236s] Level 1:colcon.colcon_core.package_identification:_identify(visual_ackermann_package (1)) by extensions ['ignore', 'ignore_ament_install']
[0.237s] Level 1:colcon.colcon_core.package_identification:_identify(visual_ackermann_package (1)) by extension 'ignore'
[0.238s] Level 1:colcon.colcon_core.package_identification:_identify(visual_ackermann_package (1)) by extension 'ignore_ament_install'
[0.240s] Level 1:colcon.colcon_core.package_identification:_identify(visual_ackermann_package (1)) by extensions ['colcon_pkg']
[0.241s] Level 1:colcon.colcon_core.package_identification:_identify(visual_ackermann_package (1)) by extension 'colcon_pkg'
[0.241s] Level 1:colcon.colcon_core.package_identification:_identify(visual_ackermann_package (1)) by extensions ['colcon_meta']
[0.243s] Level 1:colcon.colcon_core.package_identification:_identify(visual_ackermann_package (1)) by extension 'colcon_meta'
[0.243s] Level 1:colcon.colcon_core.package_identification:_identify(visual_ackermann_package (1)) by extensions ['ros']
[0.243s] Level 1:colcon.colcon_core.package_identification:_identify(visual_ackermann_package (1)) by extension 'ros'
[0.245s] Level 1:colcon.colcon_core.package_identification:_identify(visual_ackermann_package (1)) by extensions ['cmake', 'python']
[0.245s] Level 1:colcon.colcon_core.package_identification:_identify(visual_ackermann_package (1)) by extension 'cmake'
[0.245s] Level 1:colcon.colcon_core.package_identification:_identify(visual_ackermann_package (1)) by extension 'python'
[0.247s] Level 1:colcon.colcon_core.package_identification:_identify(visual_ackermann_package (1)) by extensions ['python_setup_py']
[0.248s] Level 1:colcon.colcon_core.package_identification:_identify(visual_ackermann_package (1)) by extension 'python_setup_py'
[0.249s] Level 1:colcon.colcon_core.package_identification:_identify(visual_ackermann_package (1)/visual_ackermann_package) by extensions ['ignore', 'ignore_ament_install']
[0.250s] Level 1:colcon.colcon_core.package_identification:_identify(visual_ackermann_package (1)/visual_ackermann_package) by extension 'ignore'
[0.250s] Level 1:colcon.colcon_core.package_identification:_identify(visual_ackermann_package (1)/visual_ackermann_package) by extension 'ignore_ament_install'
[0.253s] Level 1:colcon.colcon_core.package_identification:_identify(visual_ackermann_package (1)/visual_ackermann_package) by extensions ['colcon_pkg']
[0.254s] Level 1:colcon.colcon_core.package_identification:_identify(visual_ackermann_package (1)/visual_ackermann_package) by extension 'colcon_pkg'
[0.254s] Level 1:colcon.colcon_core.package_identification:_identify(visual_ackermann_package (1)/visual_ackermann_package) by extensions ['colcon_meta']
[0.256s] Level 1:colcon.colcon_core.package_identification:_identify(visual_ackermann_package (1)/visual_ackermann_package) by extension 'colcon_meta'
[0.256s] Level 1:colcon.colcon_core.package_identification:_identify(visual_ackermann_package (1)/visual_ackermann_package) by extensions ['ros']
[0.256s] Level 1:colcon.colcon_core.package_identification:_identify(visual_ackermann_package (1)/visual_ackermann_package) by extension 'ros'
[0.258s] DEBUG:colcon.colcon_core.package_identification:Package 'visual_ackermann_package (1)/visual_ackermann_package' with type 'ros.ament_python' and name 'visual_ackermann_package'
[0.258s] Level 1:colcon.colcon_core.package_discovery:discover_packages(recursive) using defaults
[0.258s] Level 1:colcon.colcon_core.package_discovery:discover_packages(ignore) discover
[0.258s] Level 1:colcon.colcon_core.package_discovery:discover_packages(ignore) using defaults
[0.258s] Level 1:colcon.colcon_core.package_discovery:discover_packages(path) discover
[0.258s] Level 1:colcon.colcon_core.package_discovery:discover_packages(path) using defaults
[0.273s] Level 1:colcon.colcon_core.package_discovery:discover_packages(prefix_path) check parameters
[0.273s] Level 1:colcon.colcon_core.package_discovery:discover_packages(prefix_path) discover
[0.285s] DEBUG:colcon.colcon_installed_package_information.package_discovery:Found 1 installed packages in /home/eiamw001/CSCI4511_project/install
[0.286s] DEBUG:colcon.colcon_installed_package_information.package_discovery:Found 554 installed packages in /opt/ros/jazzy
[0.288s] Level 1:colcon.colcon_core.package_discovery:discover_packages(prefix_path) using defaults
[0.328s] Level 5:colcon.colcon_core.verb:set package 'hw5_vision' build argument 'cmake_args' from command line to 'None'
[0.328s] Level 5:colcon.colcon_core.verb:set package 'hw5_vision' build argument 'cmake_target' from command line to 'None'
[0.328s] Level 5:colcon.colcon_core.verb:set package 'hw5_vision' build argument 'cmake_target_skip_unavailable' from command line to 'False'
[0.328s] Level 5:colcon.colcon_core.verb:set package 'hw5_vision' build argument 'cmake_clean_cache' from command line to 'False'
[0.328s] Level 5:colcon.colcon_core.verb:set package 'hw5_vision' build argument 'cmake_clean_first' from command line to 'False'
[0.328s] Level 5:colcon.colcon_core.verb:set package 'hw5_vision' build argument 'cmake_force_configure' from command line to 'False'
[0.328s] Level 5:colcon.colcon_core.verb:set package 'hw5_vision' build argument 'ament_cmake_args' from command line to 'None'
[0.328s] Level 5:colcon.colcon_core.verb:set package 'hw5_vision' build argument 'catkin_cmake_args' from command line to 'None'
[0.328s] Level 5:colcon.colcon_core.verb:set package 'hw5_vision' build argument 'catkin_skip_building_tests' from command line to 'False'
[0.328s] DEBUG:colcon.colcon_core.verb:Building package 'hw5_vision' with the following arguments: {'ament_cmake_args': None, 'build_base': '/home/eiamw001/ros_hw5/build/hw5_vision', 'catkin_cmake_args': None, 'catkin_skip_building_tests': False, 'cmake_args': None, 'cmake_clean_cache': False, 'cmake_clean_first': False, 'cmake_force_configure': False, 'cmake_target': None, 'cmake_target_skip_unavailable': False, 'install_base': '/home/eiamw001/ros_hw5/install/hw5_vision', 'merge_install': False, 'path': '/home/eiamw001/ros_hw5/hw5_vision', 'symlink_install': False, 'test_result_base': None}
[0.328s] Level 5:colcon.colcon_core.verb:set package 'visual_ackermann_package' build argument 'cmake_args' from command line to 'None'
[0.330s] Level 5:colcon.colcon_core.verb:set package 'visual_ackermann_package' build argument 'cmake_target' from command line to 'None'
[0.330s] Level 5:colcon.colcon_core.verb:set package 'visual_ackermann_package' build argument 'cmake_target_skip_unavailable' from command line to 'False'
[0.330s] Level 5:colcon.colcon_core.verb:set package 'visual_ackermann_package' build argument 'cmake_clean_cache' from command line to 'False'
[0.330s] Level 5:colcon.colcon_core.verb:set package 'visual_ackermann_package' build argument 'cmake_clean_first' from command line to 'False'
[0.330s] Level 5:colcon.colcon_core.verb:set package 'visual_ackermann_package' build argument 'cmake_force_configure' from command line to 'False'
[0.330s] Level 5:colcon.colcon_core.verb:set package 'visual_ackermann_package' build argument 'ament_cmake_args' from command line to 'None'
[0.330s] Level 5:colcon.colcon_core.verb:set package 'visual_ackermann_package' build argument 'catkin_cmake_args' from command line to 'None'
[0.330s] Level 5:colcon.colcon_core.verb:set package 'visual_ackermann_package' build argument 'catkin_skip_building_tests' from command line to 'False'
[0.332s] DEBUG:colcon.colcon_core.verb:Building package 'visual_ackermann_package' with the following arguments: {'ament_cmake_args': None, 'build_base': '/home/eiamw001/ros_hw5/build/visual_ackermann_package', 'catkin_cmake_args': None, 'catkin_skip_building_tests': False, 'cmake_args': None, 'cmake_clean_cache': False, 'cmake_clean_first': False, 'cmake_force_configure': False, 'cmake_target': None, 'cmake_target_skip_unavailable': False, 'install_base': '/home/eiamw001/ros_hw5/install/visual_ackermann_package', 'merge_install': False, 'path': '/home/eiamw001/ros_hw5/visual_ackermann_package (1)/visual_ackermann_package', 'symlink_install': False, 'test_result_base': None}
[0.332s] INFO:colcon.colcon_core.executor:Executing jobs using 'parallel' executor
[0.332s] DEBUG:colcon.colcon_parallel_executor.executor.parallel:run_until_complete
[0.334s] INFO:colcon.colcon_ros.task.ament_python.build:Building ROS package in '/home/eiamw001/ros_hw5/hw5_vision' with build type 'ament_python'
[0.334s] Level 1:colcon.colcon_core.shell:create_environment_hook('hw5_vision', 'ament_prefix_path')
[0.336s] INFO:colcon.colcon_core.plugin_system:Skipping extension 'colcon_core.shell.bat': Not used on non-Windows systems
[0.336s] INFO:colcon.colcon_core.shell:Creating environment hook '/home/eiamw001/ros_hw5/install/hw5_vision/share/hw5_vision/hook/ament_prefix_path.ps1'
[0.352s] INFO:colcon.colcon_core.shell:Creating environment descriptor '/home/eiamw001/ros_hw5/install/hw5_vision/share/hw5_vision/hook/ament_prefix_path.dsv'
[0.358s] INFO:colcon.colcon_core.shell:Creating environment hook '/home/eiamw001/ros_hw5/install/hw5_vision/share/hw5_vision/hook/ament_prefix_path.sh'
[0.363s] INFO:colcon.colcon_core.shell:Skip shell extension 'powershell' for command environment: Not usable outside of PowerShell
[0.363s] DEBUG:colcon.colcon_core.shell:Skip shell extension 'dsv' for command environment
[0.376s] INFO:colcon.colcon_ros.task.ament_python.build:Building ROS package in '/home/eiamw001/ros_hw5/visual_ackermann_package (1)/visual_ackermann_package' with build type 'ament_python'
[0.376s] Level 1:colcon.colcon_core.shell:create_environment_hook('visual_ackermann_package', 'ament_prefix_path')
[0.378s] INFO:colcon.colcon_core.shell:Creating environment hook '/home/eiamw001/ros_hw5/install/visual_ackermann_package/share/visual_ackermann_package/hook/ament_prefix_path.ps1'
[0.394s] INFO:colcon.colcon_core.shell:Creating environment descriptor '/home/eiamw001/ros_hw5/install/visual_ackermann_package/share/visual_ackermann_package/hook/ament_prefix_path.dsv'
[0.400s] INFO:colcon.colcon_core.shell:Creating environment hook '/home/eiamw001/ros_hw5/install/visual_ackermann_package/share/visual_ackermann_package/hook/ament_prefix_path.sh'
[0.405s] INFO:colcon.colcon_core.shell:Skip shell extension 'powershell' for command environment: Not usable outside of PowerShell
[0.405s] DEBUG:colcon.colcon_core.shell:Skip shell extension 'dsv' for command environment
[0.670s] INFO:colcon.colcon_core.task.python.build:Building Python package in '/home/eiamw001/ros_hw5/hw5_vision'
[0.670s] INFO:colcon.colcon_core.shell:Skip shell extension 'powershell' for command environment: Not usable outside of PowerShell
[0.672s] DEBUG:colcon.colcon_core.shell:Skip shell extension 'dsv' for command environment
[0.934s] INFO:colcon.colcon_core.task.python.build:Building Python package in '/home/eiamw001/ros_hw5/visual_ackermann_package (1)/visual_ackermann_package'
[0.934s] INFO:colcon.colcon_core.shell:Skip shell extension 'powershell' for command environment: Not usable outside of PowerShell
[0.934s] DEBUG:colcon.colcon_core.shell:Skip shell extension 'dsv' for command environment
[1.688s] DEBUG:colcon.colcon_core.event_handler.log_command:Invoking command in '/home/eiamw001/ros_hw5/visual_ackermann_package (1)/visual_ackermann_package': DEBUGINFOD_URLS=https://debuginfod.ubuntu.com PYTHONPATH=/home/eiamw001/ros_hw5/build/visual_ackermann_package/prefix_override:/usr/lib/python3/dist-packages/colcon_core/task/python/colcon_distutils_commands:/home/eiamw001/ros_hw5/install/visual_ackermann_package/lib/python3.12/site-packages:${PYTHONPATH} _=/usr/bin/env /usr/bin/python3 -W ignore:setup.py install is deprecated -W ignore:easy_install command is deprecated setup.py egg_info --egg-base ../../build/visual_ackermann_package build --build-base /home/eiamw001/ros_hw5/build/visual_ackermann_package/build install --record /home/eiamw001/ros_hw5/build/visual_ackermann_package/install.log --single-version-externally-managed install_data
[1.702s] DEBUG:colcon.colcon_core.event_handler.log_command:Invoking command in '/home/eiamw001/ros_hw5/hw5_vision': DEBUGINFOD_URLS=https://debuginfod.ubuntu.com PYTHONPATH=/home/eiamw001/ros_hw5/build/hw5_vision/prefix_override:/usr/lib/python3/dist-packages/colcon_core/task/python/colcon_distutils_commands:/home/eiamw001/ros_hw5/install/hw5_vision/lib/python3.12/site-packages:${PYTHONPATH} _=/usr/bin/env /usr/bin/python3 -W ignore:setup.py install is deprecated -W ignore:easy_install command is deprecated setup.py egg_info --egg-base ../build/hw5_vision build --build-base /home/eiamw001/ros_hw5/build/hw5_vision/build install --record /home/eiamw001/ros_hw5/build/hw5_vision/install.log --single-version-externally-managed install_data
[2.826s] DEBUG:colcon.colcon_core.event_handler.log_command:Invoked command in '/home/eiamw001/ros_hw5/hw5_vision' returned '0': DEBUGINFOD_URLS=https://debuginfod.ubuntu.com PYTHONPATH=/home/eiamw001/ros_hw5/build/hw5_vision/prefix_override:/usr/lib/python3/dist-packages/colcon_core/task/python/colcon_distutils_commands:/home/eiamw001/ros_hw5/install/hw5_vision/lib/python3.12/site-packages:${PYTHONPATH} _=/usr/bin/env /usr/bin/python3 -W ignore:setup.py install is deprecated -W ignore:easy_install command is deprecated setup.py egg_info --egg-base ../build/hw5_vision build --build-base /home/eiamw001/ros_hw5/build/hw5_vision/build install --record /home/eiamw001/ros_hw5/build/hw5_vision/install.log --single-version-externally-managed install_data
[2.836s] Level 1:colcon.colcon_core.environment:checking '/home/eiamw001/ros_hw5/install/hw5_vision' for CMake module files
[2.843s] Level 1:colcon.colcon_core.environment:checking '/home/eiamw001/ros_hw5/install/hw5_vision' for CMake config files
[2.856s] Level 1:colcon.colcon_core.environment:checking '/home/eiamw001/ros_hw5/install/hw5_vision/lib'
[2.857s] Level 1:colcon.colcon_core.environment:checking '/home/eiamw001/ros_hw5/install/hw5_vision/bin'
[2.858s] Level 1:colcon.colcon_core.environment:checking '/home/eiamw001/ros_hw5/install/hw5_vision/lib/pkgconfig/hw5_vision.pc'
[2.859s] Level 1:colcon.colcon_core.environment:checking '/home/eiamw001/ros_hw5/install/hw5_vision/lib/python3.12/site-packages'
[2.860s] Level 1:colcon.colcon_core.shell:create_environment_hook('hw5_vision', 'pythonpath')
[2.862s] INFO:colcon.colcon_core.shell:Creating environment hook '/home/eiamw001/ros_hw5/install/hw5_vision/share/hw5_vision/hook/pythonpath.ps1'
[2.868s] INFO:colcon.colcon_core.shell:Creating environment descriptor '/home/eiamw001/ros_hw5/install/hw5_vision/share/hw5_vision/hook/pythonpath.dsv'
[2.874s] INFO:colcon.colcon_core.shell:Creating environment hook '/home/eiamw001/ros_hw5/install/hw5_vision/share/hw5_vision/hook/pythonpath.sh'
[2.880s] Level 1:colcon.colcon_core.environment:checking '/home/eiamw001/ros_hw5/install/hw5_vision/bin'
[2.880s] Level 1:colcon.colcon_core.environment:create_environment_scripts_only(hw5_vision)
[2.882s] INFO:colcon.colcon_core.shell:Creating package script '/home/eiamw001/ros_hw5/install/hw5_vision/share/hw5_vision/package.ps1'
[2.889s] INFO:colcon.colcon_core.shell:Creating package descriptor '/home/eiamw001/ros_hw5/install/hw5_vision/share/hw5_vision/package.dsv'
[2.894s] INFO:colcon.colcon_core.shell:Creating package script '/home/eiamw001/ros_hw5/install/hw5_vision/share/hw5_vision/package.sh'
[2.899s] INFO:colcon.colcon_core.shell:Creating package script '/home/eiamw001/ros_hw5/install/hw5_vision/share/hw5_vision/package.bash'
[2.904s] INFO:colcon.colcon_core.shell:Creating package script '/home/eiamw001/ros_hw5/install/hw5_vision/share/hw5_vision/package.zsh'
[2.910s] Level 1:colcon.colcon_core.environment:create_file_with_runtime_dependencies(/home/eiamw001/ros_hw5/install/hw5_vision/share/colcon-core/packages/hw5_vision)
[2.921s] Level 1:colcon.colcon_core.environment:checking '/home/eiamw001/ros_hw5/install/visual_ackermann_package' for CMake module files
[2.928s] DEBUG:colcon.colcon_core.event_handler.log_command:Invoked command in '/home/eiamw001/ros_hw5/visual_ackermann_package (1)/visual_ackermann_package' returned '0': DEBUGINFOD_URLS=https://debuginfod.ubuntu.com PYTHONPATH=/home/eiamw001/ros_hw5/build/visual_ackermann_package/prefix_override:/usr/lib/python3/dist-packages/colcon_core/task/python/colcon_distutils_commands:/home/eiamw001/ros_hw5/install/visual_ackermann_package/lib/python3.12/site-packages:${PYTHONPATH} _=/usr/bin/env /usr/bin/python3 -W ignore:setup.py install is deprecated -W ignore:easy_install command is deprecated setup.py egg_info --egg-base ../../build/visual_ackermann_package build --build-base /home/eiamw001/ros_hw5/build/visual_ackermann_package/build install --record /home/eiamw001/ros_hw5/build/visual_ackermann_package/install.log --single-version-externally-managed install_data
[2.928s] Level 1:colcon.colcon_core.environment:checking '/home/eiamw001/ros_hw5/install/visual_ackermann_package' for CMake config files
[2.943s] Level 1:colcon.colcon_core.environment:checking '/home/eiamw001/ros_hw5/install/visual_ackermann_package/lib'
[2.944s] Level 1:colcon.colcon_core.environment:checking '/home/eiamw001/ros_hw5/install/visual_ackermann_package/bin'
[2.946s] Level 1:colcon.colcon_core.environment:checking '/home/eiamw001/ros_hw5/install/visual_ackermann_package/lib/pkgconfig/visual_ackermann_package.pc'
[2.948s] Level 1:colcon.colcon_core.environment:checking '/home/eiamw001/ros_hw5/install/visual_ackermann_package/lib/python3.12/site-packages'
[2.949s] Level 1:colcon.colcon_core.shell:create_environment_hook('visual_ackermann_package', 'pythonpath')
[2.952s] INFO:colcon.colcon_core.shell:Creating environment hook '/home/eiamw001/ros_hw5/install/visual_ackermann_package/share/visual_ackermann_package/hook/pythonpath.ps1'
[2.959s] INFO:colcon.colcon_core.shell:Creating environment descriptor '/home/eiamw001/ros_hw5/install/visual_ackermann_package/share/visual_ackermann_package/hook/pythonpath.dsv'
[2.965s] INFO:colcon.colcon_core.shell:Creating environment hook '/home/eiamw001/ros_hw5/install/visual_ackermann_package/share/visual_ackermann_package/hook/pythonpath.sh'
[2.971s] Level 1:colcon.colcon_core.environment:checking '/home/eiamw001/ros_hw5/install/visual_ackermann_package/bin'
[2.971s] Level 1:colcon.colcon_core.environment:create_environment_scripts_only(visual_ackermann_package)
[2.974s] INFO:colcon.colcon_core.shell:Creating package script '/home/eiamw001/ros_hw5/install/visual_ackermann_package/share/visual_ackermann_package/package.ps1'
[2.982s] INFO:colcon.colcon_core.shell:Creating package descriptor '/home/eiamw001/ros_hw5/install/visual_ackermann_package/share/visual_ackermann_package/package.dsv'
[2.988s] INFO:colcon.colcon_core.shell:Creating package script '/home/eiamw001/ros_hw5/install/visual_ackermann_package/share/visual_ackermann_package/package.sh'
[2.994s] INFO:colcon.colcon_core.shell:Creating package script '/home/eiamw001/ros_hw5/install/visual_ackermann_package/share/visual_ackermann_package/package.bash'
[3.000s] INFO:colcon.colcon_core.shell:Creating package script '/home/eiamw001/ros_hw5/install/visual_ackermann_package/share/visual_ackermann_package/package.zsh'
[3.006s] Level 1:colcon.colcon_core.environment:create_file_with_runtime_dependencies(/home/eiamw001/ros_hw5/install/visual_ackermann_package/share/colcon-core/packages/visual_ackermann_package)
[3.014s] DEBUG:colcon.colcon_parallel_executor.executor.parallel:closing loop
[3.015s] DEBUG:colcon.colcon_parallel_executor.executor.parallel:loop closed
[3.016s] DEBUG:colcon.colcon_parallel_executor.executor.parallel:run_until_complete finished with '0'
[3.016s] DEBUG:colcon.colcon_core.event_reactor:joining thread
[3.036s] INFO:colcon.colcon_core.plugin_system:Skipping extension 'colcon_notification.desktop_notification.terminal_notifier': Not used on non-Darwin systems
[3.036s] INFO:colcon.colcon_core.plugin_system:Skipping extension 'colcon_notification.desktop_notification.win32': Not used on non-Windows systems
[3.038s] INFO:colcon.colcon_notification.desktop_notification:Sending desktop notification using 'notify2'
[3.048s] DEBUG:colcon.colcon_core.event_reactor:joined thread
[3.048s] INFO:colcon.colcon_core.shell:Creating prefix script '/home/eiamw001/ros_hw5/install/local_setup.ps1'
[3.056s] INFO:colcon.colcon_core.shell:Creating prefix util module '/home/eiamw001/ros_hw5/install/_local_setup_util_ps1.py'
[3.063s] INFO:colcon.colcon_core.shell:Creating prefix chain script '/home/eiamw001/ros_hw5/install/setup.ps1'
[3.070s] INFO:colcon.colcon_core.shell:Creating prefix script '/home/eiamw001/ros_hw5/install/local_setup.sh'
[3.076s] INFO:colcon.colcon_core.shell:Creating prefix util module '/home/eiamw001/ros_hw5/install/_local_setup_util_sh.py'
[3.081s] INFO:colcon.colcon_core.shell:Creating prefix chain script '/home/eiamw001/ros_hw5/install/setup.sh'
[3.088s] INFO:colcon.colcon_core.shell:Creating prefix script '/home/eiamw001/ros_hw5/install/local_setup.bash'
[3.093s] INFO:colcon.colcon_core.shell:Creating prefix chain script '/home/eiamw001/ros_hw5/install/setup.bash'
[3.099s] INFO:colcon.colcon_core.shell:Creating prefix script '/home/eiamw001/ros_hw5/install/local_setup.zsh'
[3.105s] INFO:colcon.colcon_core.shell:Creating prefix chain script '/home/eiamw001/ros_hw5/install/setup.zsh'
