/home/eiamw001/ros_hw5/hw5_vision/install/hw5_vision/lib/python3.12/site-packages/hw5_vision/perception_node.py
/home/eiamw001/ros_hw5/hw5_vision/install/hw5_vision/lib/python3.12/site-packages/hw5_vision/video_publisher.py
/home/eiamw001/ros_hw5/hw5_vision/install/hw5_vision/lib/python3.12/site-packages/hw5_vision/__init__.py
/home/eiamw001/ros_hw5/hw5_vision/install/hw5_vision/lib/python3.12/site-packages/hw5_vision/control_node.py
/home/eiamw001/ros_hw5/hw5_vision/install/hw5_vision/lib/python3.12/site-packages/hw5_vision/__pycache__/perception_node.cpython-312.pyc
/home/eiamw001/ros_hw5/hw5_vision/install/hw5_vision/lib/python3.12/site-packages/hw5_vision/__pycache__/video_publisher.cpython-312.pyc
/home/eiamw001/ros_hw5/hw5_vision/install/hw5_vision/lib/python3.12/site-packages/hw5_vision/__pycache__/__init__.cpython-312.pyc
/home/eiamw001/ros_hw5/hw5_vision/install/hw5_vision/lib/python3.12/site-packages/hw5_vision/__pycache__/control_node.cpython-312.pyc
/home/eiamw001/ros_hw5/hw5_vision/install/hw5_vision/share/ament_index/resource_index/packages/hw5_vision
/home/eiamw001/ros_hw5/hw5_vision/install/hw5_vision/share/hw5_vision/package.xml
/home/eiamw001/ros_hw5/hw5_vision/install/hw5_vision/share/hw5_vision/launch/hw5_launch.py
/home/eiamw001/ros_hw5/hw5_vision/install/hw5_vision/lib/python3.12/site-packages/hw5_vision-0.0.0-py3.12.egg-info/top_level.txt
/home/eiamw001/ros_hw5/hw5_vision/install/hw5_vision/lib/python3.12/site-packages/hw5_vision-0.0.0-py3.12.egg-info/entry_points.txt
/home/eiamw001/ros_hw5/hw5_vision/install/hw5_vision/lib/python3.12/site-packages/hw5_vision-0.0.0-py3.12.egg-info/PKG-INFO
/home/eiamw001/ros_hw5/hw5_vision/install/hw5_vision/lib/python3.12/site-packages/hw5_vision-0.0.0-py3.12.egg-info/requires.txt
/home/eiamw001/ros_hw5/hw5_vision/install/hw5_vision/lib/python3.12/site-packages/hw5_vision-0.0.0-py3.12.egg-info/dependency_links.txt
/home/eiamw001/ros_hw5/hw5_vision/install/hw5_vision/lib/python3.12/site-packages/hw5_vision-0.0.0-py3.12.egg-info/SOURCES.txt
/home/eiamw001/ros_hw5/hw5_vision/install/hw5_vision/lib/python3.12/site-packages/hw5_vision-0.0.0-py3.12.egg-info/zip-safe
/home/eiamw001/ros_hw5/hw5_vision/install/hw5_vision/lib/hw5_vision/control_node
/home/eiamw001/ros_hw5/hw5_vision/install/hw5_vision/lib/hw5_vision/perception_node
/home/eiamw001/ros_hw5/hw5_vision/install/hw5_vision/lib/hw5_vision/video_publisher
