[0.946s] Invoking command in '/home/eiamw001/ros_hw5/hw5_vision': DEBUGINFOD_URLS=https://debuginfod.ubuntu.com PYTHONPATH=/home/eiamw001/ros_hw5/build/hw5_vision/prefix_override:/usr/lib/python3/dist-packages/colcon_core/task/python/colcon_distutils_commands:/home/eiamw001/ros_hw5/install/hw5_vision/lib/python3.12/site-packages:${PYTHONPATH} _=/usr/bin/env /usr/bin/python3 -W ignore:setup.py install is deprecated -W ignore:easy_install command is deprecated setup.py egg_info --egg-base ../build/hw5_vision build --build-base /home/eiamw001/ros_hw5/build/hw5_vision/build install --record /home/eiamw001/ros_hw5/build/hw5_vision/install.log --single-version-externally-managed install_data
[1.231s] running egg_info
[1.249s] writing ../build/hw5_vision/hw5_vision.egg-info/PKG-INFO
[1.257s] writing dependency_links to ../build/hw5_vision/hw5_vision.egg-info/dependency_links.txt
[1.263s] writing entry points to ../build/hw5_vision/hw5_vision.egg-info/entry_points.txt
[1.272s] writing requirements to ../build/hw5_vision/hw5_vision.egg-info/requires.txt
[1.280s] writing top-level names to ../build/hw5_vision/hw5_vision.egg-info/top_level.txt
[1.452s] reading manifest file '../build/hw5_vision/hw5_vision.egg-info/SOURCES.txt'
[1.458s] writing manifest file '../build/hw5_vision/hw5_vision.egg-info/SOURCES.txt'
[1.462s] running build
[1.464s] running build_py
[1.466s] running install
[1.468s] running install_lib
[1.491s] running install_data
[1.493s] running install_egg_info
[1.510s] removing '/home/eiamw001/ros_hw5/install/hw5_vision/lib/python3.12/site-packages/hw5_vision-0.0.0-py3.12.egg-info' (and everything under it)
[1.532s] Copying ../build/hw5_vision/hw5_vision.egg-info to /home/eiamw001/ros_hw5/install/hw5_vision/lib/python3.12/site-packages/hw5_vision-0.0.0-py3.12.egg-info
[1.640s] running install_scripts
[1.785s] Installing control_node script to /home/eiamw001/ros_hw5/install/hw5_vision/lib/hw5_vision
[1.793s] Installing perception_node script to /home/eiamw001/ros_hw5/install/hw5_vision/lib/hw5_vision
[1.800s] Installing video_publisher script to /home/eiamw001/ros_hw5/install/hw5_vision/lib/hw5_vision
[1.808s] writing list of installed files to '/home/eiamw001/ros_hw5/build/hw5_vision/install.log'
[1.835s] Invoked command in '/home/eiamw001/ros_hw5/hw5_vision' returned '0': DEBUGINFOD_URLS=https://debuginfod.ubuntu.com PYTHONPATH=/home/eiamw001/ros_hw5/build/hw5_vision/prefix_override:/usr/lib/python3/dist-packages/colcon_core/task/python/colcon_distutils_commands:/home/eiamw001/ros_hw5/install/hw5_vision/lib/python3.12/site-packages:${PYTHONPATH} _=/usr/bin/env /usr/bin/python3 -W ignore:setup.py install is deprecated -W ignore:easy_install command is deprecated setup.py egg_info --egg-base ../build/hw5_vision build --build-base /home/eiamw001/ros_hw5/build/hw5_vision/build install --record /home/eiamw001/ros_hw5/build/hw5_vision/install.log --single-version-externally-managed install_data
