[0.000000] (-) TimerEvent: {}
[0.000085] (-) JobUnselected: {'identifier': 'visual_ackermann_package'}
[0.000111] (hw5_vision) JobQueued: {'identifier': 'hw5_vision', 'dependencies': OrderedDict()}
[0.000129] (hw5_vision) JobStarted: {'identifier': 'hw5_vision'}
[0.098015] (-) TimerEvent: {}
[0.198330] (-) TimerEvent: {}
[0.298547] (-) TimerEvent: {}
[0.399062] (-) TimerEvent: {}
[0.499361] (-) TimerEvent: {}
[0.599625] (-) TimerEvent: {}
[0.699914] (-) TimerEvent: {}
[0.800070] (-) TimerEvent: {}
[0.900227] (-) TimerEvent: {}
[0.932984] (hw5_vision) Command: {'cmd': ['/usr/bin/python3', '-W', 'ignore:setup.py install is deprecated', '-W', 'ignore:easy_install command is deprecated', 'setup.py', 'egg_info', '--egg-base', '../build/hw5_vision', 'build', '--build-base', '/home/eiamw001/ros_hw5/build/hw5_vision/build', 'install', '--record', '/home/eiamw001/ros_hw5/build/hw5_vision/install.log', '--single-version-externally-managed', 'install_data'], 'cwd': '/home/eiamw001/ros_hw5/hw5_vision', 'env': {'SHELL': '/bin/bash', 'ROS_VERSION': '2', 'SESSION_MANAGER': 'local/csel-kh1260-08:@/tmp/.ICE-unix/80432,unix/csel-kh1260-08:/tmp/.ICE-unix/80432', 'GZ_SIM_RESOURCE_PATH': '/opt/ros/jazzy/share', 'QT_ACCESSIBILITY': '1', 'COLORTERM': 'truecolor', 'XDG_CONFIG_DIRS': '/etc/xdg/xdg-ubuntu:/etc/xdg', 'XDG_MENU_PREFIX': 'gnome-', 'GNOME_DESKTOP_SESSION_ID': 'this-is-deprecated', 'CONDA_EXE': '/opt/conda/bin/conda', '_CE_M': '', 'PKG_CONFIG_PATH': '/home/eiamw001/robotics_deps/install/lib/pkgconfig:/home/eiamw001/robotics_deps/install/lib/pkgconfig:', 'ROS_PYTHON_VERSION': '3', 'LANGUAGE': 'en_US.UTF-8', 'GNOME_SHELL_SESSION_MODE': 'ubuntu', 'SSH_AUTH_SOCK': '/run/user/2835123/keyring/ssh', 'GZ_CONFIG_PATH': '/opt/ros/jazzy/opt/gz_sim_vendor/share/gz:/opt/ros/jazzy/opt/sdformat_vendor/share/gz:/opt/ros/jazzy/opt/gz_gui_vendor/share/gz:/opt/ros/jazzy/opt/gz_transport_vendor/share/gz:/opt/ros/jazzy/opt/gz_rendering_vendor/share/gz:/opt/ros/jazzy/opt/gz_plugin_vendor/share/gz:/opt/ros/jazzy/opt/gz_fuel_tools_vendor/share/gz:/opt/ros/jazzy/opt/gz_msgs_vendor/share/gz:/opt/ros/jazzy/opt/gz_common_vendor/share/gz', '_LMFILES__modshare': '/usr/local/modules-tcl/modulefiles/system:1', 'MEMORY_PRESSURE_WRITE': 'c29tZSAyMDAwMDAgMjAwMDAwMAA=', 'SMPATH': '/soft/supermongo/2.4.13/lib/sm/ ~ .', 'XMODIFIERS': '@im=ibus', 'DESKTOP_SESSION': 'ubuntu', 'MANPATH_modshare': '/usr/man:1::1:/usr/X11R6/man:1:/soft/supermongo/2.4.13/man:1:/usr/local/man:1:/usr/share/man:1:/opt/puppetlabs/puppet/share/man:1', 'EDITOR': 'vim', 'GTK_MODULES': 'gail:atk-bridge', 'ENV': '/usr/local/modules-tcl/init/profile.sh', 'PWD': '/home/eiamw001/ros_hw5/build/hw5_vision', 'KRB5CCNAME': 'FILE:/tmp/krb5cc_2835123_Y5wS6T', 'LOGNAME': 'eiamw001', 'XDG_SESSION_DESKTOP': 'ubuntu', 'XDG_SESSION_TYPE': 'wayland', 'MODULESHOME': '/usr/local/modules-tcl', 'MANPATH': ':/opt/puppetlabs/puppet/share/man:/soft/supermongo/2.4.13/man:/usr/man:/usr/share/man:/usr/local/man:/usr/X11R6/man', 'SYSTEMD_EXEC_PID': '80467', 'XAUTHORITY': '/run/user/2835123/.mutter-Xwaylandauth.9KOXO3', 'HOME': '/home/eiamw001', 'USERNAME': 'eiamw001', 'IM_CONFIG_PHASE': '1', 'LANG': 'en_US.UTF-8', 'XDG_CURRENT_DESKTOP': 'ubuntu:GNOME', 'MEMORY_PRESSURE_WATCH': '/sys/fs/cgroup/user.slice/user-2835123.slice/user@2835123.service/session.slice/org.gnome.Shell@wayland.service/memory.pressure', 'VTE_VERSION': '7600', 'WAYLAND_DISPLAY': 'wayland-0', 'AMENT_PREFIX_PATH': '/home/eiamw001/ros_hw5/install/visual_ackermann_package:/home/eiamw001/ros_hw5/install/hw5_vision:/home/eiamw001/CSCI4511_project/install/security_coverage_robot:/home/eiamw001/CSCI4511_project/install/security_coverage_robot:/opt/ros/jazzy', 'CMAKE_PREFIX_PATH': '/home/eiamw001/robotics_deps/install:/home/eiamw001/robotics_deps/install:/opt/ros/jazzy/opt/gz_sim_vendor:/opt/ros/jazzy/opt/gz_sensors_vendor:/opt/ros/jazzy/opt/gz_physics_vendor:/opt/ros/jazzy/opt/sdformat_vendor:/opt/ros/jazzy/opt/gz_gui_vendor:/opt/ros/jazzy/opt/gz_transport_vendor:/opt/ros/jazzy/opt/gz_rendering_vendor:/opt/ros/jazzy/opt/gz_plugin_vendor:/opt/ros/jazzy/opt/gz_fuel_tools_vendor:/opt/ros/jazzy/opt/gz_msgs_vendor:/opt/ros/jazzy/opt/gz_common_vendor:/opt/ros/jazzy/opt/gz_math_vendor:/opt/ros/jazzy/opt/gz_utils_vendor:/opt/ros/jazzy/opt/gz_tools_vendor:/opt/ros/jazzy/opt/gz_ogre_next_vendor:/opt/ros/jazzy/opt/gz_dartsim_vendor:/opt/ros/jazzy/opt/gz_cmake_vendor', 'GNOME_TERMINAL_SCREEN': '/org/gnome/Terminal/screen/db8b9cc7_9ac0_4666_a43c_12d4c5d77da5', 'ROS_AUTOMATIC_DISCOVERY_RANGE': 'LOCALHOST', 'GAZEBO_RESOURCE_PATH': '/opt/ros/jazzy/share', 'COLCON_PREFIX_PATH': '/home/eiamw001/ros_hw5/install:/home/eiamw001/CSCI4511_project/install', 'QTWEBENGINE_DICTIONARIES_PATH': '/usr/share/hunspell-bdic/', 'PATH_modshare': '/usr/bin:2:/opt/conda/condabin:1:/usr/local/bin:1:/soft/MATLAB/R2024b/bin:1:/soft/instantclient/21_3:1:/soft/idea/2024.2.4/bin:1:/bin:2:/opt/puppetlabs/bin:1:/snap/bin:1:/usr/local/scripts:1:/usr/local/modules-tcl/bin:1:/sbin:2:/usr/sbin:2:/usr/games:1:/usr/local/sbin:1:/soft/sqldeveloper/21.2.1.204.1703-no-jre/bin:1:/soft/supermongo/2.4.13/bin:1:/usr/local/games:1', 'GNOME_SETUP_DISPLAY': ':1', 'MODULEPATH_modshare': '/usr/local/modules-tcl/modulefiles:1', 'LESSCLOSE': '/usr/bin/lesspipe %s %s', 'XDG_SESSION_CLASS': 'user', 'LOADEDMODULES_modshare': 'system:1', 'PYTHONPATH': '/home/eiamw001/ros_hw5/build/hw5_vision/prefix_override:/usr/lib/python3/dist-packages/colcon_core/task/python/colcon_distutils_commands:/home/eiamw001/ros_hw5/install/hw5_vision/lib/python3.12/site-packages:/home/eiamw001/ros_hw5/install/visual_ackermann_package/lib/python3.12/site-packages:/home/eiamw001/ros_hw5/install/hw5_vision/lib/python3.12/site-packages:/home/eiamw001/CSCI4511_project/install/security_coverage_robot/lib/python3.12/site-packages:/opt/ros/jazzy/lib/python3.12/site-packages', 'COLCON': '1', 'TERM': 'xterm-256color', 'ROBOTICS_DEPS': '/home/eiamw001/robotics_deps/install', '_CE_CONDA': '', 'LESSOPEN': '| /usr/bin/lesspipe %s', 'USER': 'eiamw001', 'GNOME_TERMINAL_SERVICE': ':1.129', 'CONDA_SHLVL': '0', 'CLUTTER_DISABLE_MIPMAPPED_TEXT': '1', 'VISUAL': 'vim', 'LOADEDMODULES': 'system', 'DISPLAY': ':0', 'SHLVL': '1', 'BASH_ENV': '/usr/local/modules-tcl/init/bash', 'GSM_SKIP_SSH_AGENT_WORKAROUND': 'true', 'PAGER': 'less', 'TURTLEBOT3_MODEL': 'waffle', 'QT_IM_MODULE': 'ibus', 'IGN_GAZEBO_RESOURCE_PATH': '/opt/ros/jazzy/share', 'CONDA_PYTHON_EXE': '/opt/conda/bin/python', 'LD_LIBRARY_PATH': '/home/eiamw001/robotics_deps/install/lib:/home/eiamw001/robotics_deps/install/lib:/opt/ros/jazzy/opt/gz_sim_vendor/lib:/opt/ros/jazzy/opt/gz_sensors_vendor/lib:/opt/ros/jazzy/opt/gz_physics_vendor/lib:/opt/ros/jazzy/opt/sdformat_vendor/lib:/opt/ros/jazzy/opt/rviz_ogre_vendor/lib:/opt/ros/jazzy/lib/x86_64-linux-gnu:/opt/ros/jazzy/opt/gz_gui_vendor/lib:/opt/ros/jazzy/opt/gz_transport_vendor/lib:/opt/ros/jazzy/opt/gz_rendering_vendor/lib:/opt/ros/jazzy/opt/gz_plugin_vendor/lib:/opt/ros/jazzy/opt/gz_fuel_tools_vendor/lib:/opt/ros/jazzy/opt/gz_msgs_vendor/lib:/opt/ros/jazzy/opt/gz_common_vendor/lib:/opt/ros/jazzy/opt/gz_math_vendor/lib:/opt/ros/jazzy/opt/gz_utils_vendor/lib:/opt/ros/jazzy/opt/gz_tools_vendor/lib:/opt/ros/jazzy/opt/gz_ogre_next_vendor/lib:/opt/ros/jazzy/opt/gz_dartsim_vendor/lib:/opt/ros/jazzy/opt/gz_cmake_vendor/lib:/opt/ros/jazzy/lib', 'IGN_GAZEBO_MODEL_PATH': '/opt/ros/jazzy/share', 'XDG_RUNTIME_DIR': '/run/user/2835123', 'DEBUGINFOD_URLS': 'https://debuginfod.ubuntu.com', 'GAZEBO_MODEL_PATH': '/opt/ros/jazzy/share:/opt/ros/jazzy/share/turtlebot3_gazebo/models', 'XDG_DATA_DIRS': '/usr/share/ubuntu:/usr/share/gnome:/usr/local/share/:/usr/share/:/var/lib/snapd/desktop', 'PATH': '/home/eiamw001/robotics_deps/install/bin:/home/eiamw001/robotics_deps/install/bin:/opt/ros/jazzy/opt/gz_msgs_vendor/bin:/opt/ros/jazzy/opt/gz_tools_vendor/bin:/opt/ros/jazzy/opt/gz_ogre_next_vendor/bin:/opt/ros/jazzy/bin:/usr/local/modules-tcl/bin:/opt/conda/condabin:/usr/local/sbin:/usr/local/bin:/usr/sbin:/usr/bin:/sbin:/bin:/usr/games:/usr/local/games:/snap/bin:/snap/bin:/usr/local/scripts:/opt/puppetlabs/bin:/soft/idea/2024.2.4/bin:/soft/instantclient/21_3:/soft/MATLAB/R2024b/bin:/soft/sqldeveloper/21.2.1.204.1703-no-jre/bin:/soft/supermongo/2.4.13/bin', 'MODULEPATH': '/usr/local/modules-tcl/modulefiles', 'GDMSESSION': 'ubuntu', '_LMFILES_': '/usr/local/modules-tcl/modulefiles/system', 'DBUS_SESSION_BUS_ADDRESS': 'unix:path=/run/user/2835123/bus', 'ROS_DISTRO': 'jazzy', 'OLDPWD': '/home/eiamw001/ros_hw5/hw5_vision', 'MODULES_CMD': '/usr/local/modules-tcl/libexec/modulecmd.tcl', 'BASH_FUNC_switchml%%': '() {  typeset swfound=1;\n if [ "${MODULES_USE_COMPAT_VERSION:-0}" = \'1\' ]; then\n typeset swname=\'main\';\n if [ -e /usr/local/modules-tcl/libexec/modulecmd.tcl ]; then\n typeset swfound=0;\n unset MODULES_USE_COMPAT_VERSION;\n fi;\n else\n typeset swname=\'compatibility\';\n if [ -e /usr/local/modules-tcl/libexec/modulecmd-compat ]; then\n typeset swfound=0;\n MODULES_USE_COMPAT_VERSION=1;\n export MODULES_USE_COMPAT_VERSION;\n fi;\n fi;\n if [ $swfound -eq 0 ]; then\n echo "Switching to Modules $swname version";\n source /usr/local/modules-tcl/init/bash;\n else\n echo "Cannot switch to Modules $swname version, command not found";\n return 1;\n fi\n}', 'BASH_FUNC_module%%': '() {  _module_raw "$@" 2>&1\n}', 'BASH_FUNC__module_raw%%': '() {  unset _mlre _mlIFS _mlshdbg;\n if [ "${MODULES_SILENT_SHELL_DEBUG:-0}" = \'1\' ]; then\n case "$-" in \n *v*x*)\n set +vx;\n _mlshdbg=\'vx\'\n ;;\n *v*)\n set +v;\n _mlshdbg=\'v\'\n ;;\n *x*)\n set +x;\n _mlshdbg=\'x\'\n ;;\n *)\n _mlshdbg=\'\'\n ;;\n esac;\n fi;\n if [ -n "${IFS+x}" ]; then\n _mlIFS=$IFS;\n fi;\n IFS=\' \';\n for _mlv in ${MODULES_RUN_QUARANTINE:-};\n do\n if [ "${_mlv}" = "${_mlv##*[!A-Za-z0-9_]}" -a "${_mlv}" = "${_mlv#[0-9]}" ]; then\n if [ -n "`eval \'echo ${\'$_mlv\'+x}\'`" ]; then\n _mlre="${_mlre:-}${_mlv}_modquar=\'`eval \'echo ${\'$_mlv\'}\'`\' ";\n fi;\n _mlrv="MODULES_RUNENV_${_mlv}";\n _mlre="${_mlre:-}${_mlv}=\'`eval \'echo ${\'$_mlrv\':-}\'`\' ";\n fi;\n done;\n if [ -n "${_mlre:-}" ]; then\n eval `eval ${_mlre}/usr/bin/tclsh /usr/local/modules-tcl/libexec/modulecmd.tcl bash \'"$@"\'`;\n else\n eval `/usr/bin/tclsh /usr/local/modules-tcl/libexec/modulecmd.tcl bash "$@"`;\n fi;\n _mlstatus=$?;\n if [ -n "${_mlIFS+x}" ]; then\n IFS=$_mlIFS;\n else\n unset IFS;\n fi;\n if [ -n "${_mlshdbg:-}" ]; then\n set -$_mlshdbg;\n fi;\n unset _mlre _mlv _mlrv _mlIFS _mlshdbg;\n return $_mlstatus\n}', '_': '/usr/bin/env'}, 'shell': False}
[1.000287] (-) TimerEvent: {}
[1.100525] (-) TimerEvent: {}
[1.200771] (-) TimerEvent: {}
[1.231281] (hw5_vision) StdoutLine: {'line': b'running egg_info\n'}
[1.248962] (hw5_vision) StdoutLine: {'line': b'writing ../build/hw5_vision/hw5_vision.egg-info/PKG-INFO\n'}
[1.257394] (hw5_vision) StdoutLine: {'line': b'writing dependency_links to ../build/hw5_vision/hw5_vision.egg-info/dependency_links.txt\n'}
[1.263214] (hw5_vision) StdoutLine: {'line': b'writing entry points to ../build/hw5_vision/hw5_vision.egg-info/entry_points.txt\n'}
[1.269174] (hw5_vision) StdoutLine: {'line': b'writing requirements to ../build/hw5_vision/hw5_vision.egg-info/requires.txt\n'}
[1.274791] (hw5_vision) StdoutLine: {'line': b'writing top-level names to ../build/hw5_vision/hw5_vision.egg-info/top_level.txt\n'}
[1.301002] (-) TimerEvent: {}
[1.401137] (-) TimerEvent: {}
[1.451730] (hw5_vision) StdoutLine: {'line': b"reading manifest file '../build/hw5_vision/hw5_vision.egg-info/SOURCES.txt'\n"}
[1.455158] (hw5_vision) StdoutLine: {'line': b"writing manifest file '../build/hw5_vision/hw5_vision.egg-info/SOURCES.txt'\n"}
[1.460676] (hw5_vision) StdoutLine: {'line': b'running build\n'}
[1.462341] (hw5_vision) StdoutLine: {'line': b'running build_py\n'}
[1.464376] (hw5_vision) StdoutLine: {'line': b'running install\n'}
[1.467645] (hw5_vision) StdoutLine: {'line': b'running install_lib\n'}
[1.490922] (hw5_vision) StdoutLine: {'line': b'running install_data\n'}
[1.492490] (hw5_vision) StdoutLine: {'line': b'running install_egg_info\n'}
[1.501189] (-) TimerEvent: {}
[1.510143] (hw5_vision) StdoutLine: {'line': b"removing '/home/eiamw001/ros_hw5/install/hw5_vision/lib/python3.12/site-packages/hw5_vision-0.0.0-py3.12.egg-info' (and everything under it)\n"}
[1.532031] (hw5_vision) StdoutLine: {'line': b'Copying ../build/hw5_vision/hw5_vision.egg-info to /home/eiamw001/ros_hw5/install/hw5_vision/lib/python3.12/site-packages/hw5_vision-0.0.0-py3.12.egg-info\n'}
[1.601358] (-) TimerEvent: {}
[1.640255] (hw5_vision) StdoutLine: {'line': b'running install_scripts\n'}
[1.701461] (-) TimerEvent: {}
[1.784621] (hw5_vision) StdoutLine: {'line': b'Installing control_node script to /home/eiamw001/ros_hw5/install/hw5_vision/lib/hw5_vision\n'}
[1.792809] (hw5_vision) StdoutLine: {'line': b'Installing perception_node script to /home/eiamw001/ros_hw5/install/hw5_vision/lib/hw5_vision\n'}
[1.800241] (hw5_vision) StdoutLine: {'line': b'Installing video_publisher script to /home/eiamw001/ros_hw5/install/hw5_vision/lib/hw5_vision\n'}
[1.801508] (-) TimerEvent: {}
[1.808288] (hw5_vision) StdoutLine: {'line': b"writing list of installed files to '/home/eiamw001/ros_hw5/build/hw5_vision/install.log'\n"}
[1.835441] (hw5_vision) CommandEnded: {'returncode': 0}
[1.901570] (-) TimerEvent: {}
[1.918702] (hw5_vision) JobEnded: {'identifier': 'hw5_vision', 'rc': 0}
[1.927539] (-) EventReactorShutdown: {}
