/home/eiamw001/ros_hw5/install/visual_ackermann_package/lib/python3.12/site-packages/visual_ackermann_package/video_publisher_node.py
/home/eiamw001/ros_hw5/install/visual_ackermann_package/lib/python3.12/site-packages/visual_ackermann_package/visual_ackermann_node.py
/home/eiamw001/ros_hw5/install/visual_ackermann_package/lib/python3.12/site-packages/visual_ackermann_package/__init__.py
/home/eiamw001/ros_hw5/install/visual_ackermann_package/lib/python3.12/site-packages/visual_ackermann_package/visual_ddrive_node.py
/home/eiamw001/ros_hw5/install/visual_ackermann_package/lib/python3.12/site-packages/visual_ackermann_package/__pycache__/video_publisher_node.cpython-312.pyc
/home/eiamw001/ros_hw5/install/visual_ackermann_package/lib/python3.12/site-packages/visual_ackermann_package/__pycache__/visual_ackermann_node.cpython-312.pyc
/home/eiamw001/ros_hw5/install/visual_ackermann_package/lib/python3.12/site-packages/visual_ackermann_package/__pycache__/__init__.cpython-312.pyc
/home/eiamw001/ros_hw5/install/visual_ackermann_package/lib/python3.12/site-packages/visual_ackermann_package/__pycache__/visual_ddrive_node.cpython-312.pyc
/home/eiamw001/ros_hw5/install/visual_ackermann_package/share/ament_index/resource_index/packages/visual_ackermann_package
/home/eiamw001/ros_hw5/install/visual_ackermann_package/share/visual_ackermann_package/package.xml
/home/eiamw001/ros_hw5/install/visual_ackermann_package/lib/python3.12/site-packages/visual_ackermann_package-0.0.0-py3.12.egg-info/zip-safe
/home/eiamw001/ros_hw5/install/visual_ackermann_package/lib/python3.12/site-packages/visual_ackermann_package-0.0.0-py3.12.egg-info/SOURCES.txt
/home/eiamw001/ros_hw5/install/visual_ackermann_package/lib/python3.12/site-packages/visual_ackermann_package-0.0.0-py3.12.egg-info/requires.txt
/home/eiamw001/ros_hw5/install/visual_ackermann_package/lib/python3.12/site-packages/visual_ackermann_package-0.0.0-py3.12.egg-info/dependency_links.txt
/home/eiamw001/ros_hw5/install/visual_ackermann_package/lib/python3.12/site-packages/visual_ackermann_package-0.0.0-py3.12.egg-info/entry_points.txt
/home/eiamw001/ros_hw5/install/visual_ackermann_package/lib/python3.12/site-packages/visual_ackermann_package-0.0.0-py3.12.egg-info/PKG-INFO
/home/eiamw001/ros_hw5/install/visual_ackermann_package/lib/python3.12/site-packages/visual_ackermann_package-0.0.0-py3.12.egg-info/top_level.txt
/home/eiamw001/ros_hw5/install/visual_ackermann_package/lib/visual_ackermann_package/video_publisher_node
/home/eiamw001/ros_hw5/install/visual_ackermann_package/lib/visual_ackermann_package/visual_ackermann_node
/home/eiamw001/ros_hw5/install/visual_ackermann_package/lib/visual_ackermann_package/visual_diffdrive_node
